Component: ARM Compiler 5.06 update 6 (build 750) Tool: armlink [4d35ed]

==============================================================================

Section Cross References

    control.o(i.ADC0_IRQHandler) refers to control.o(i.Control_HBLED) for Control_HBLED
    control.o(i.ADC0_IRQHandler) refers to rtx_msgqueue.o(.text.osMessageQueueGetCount) for osMessageQueueGetCount
    control.o(i.ADC0_IRQHandler) refers to rtx_msgqueue.o(.text.osMessageQueueGet) for osMessageQueueGet
    control.o(i.ADC0_IRQHandler) refers to rtx_msgqueue.o(.text.osMessageQueuePut) for osMessageQueuePut
    control.o(i.ADC0_IRQHandler) refers to control.o(.data) for .data
    control.o(i.ADC0_IRQHandler) refers to threads.o(.data) for ADC_REQ_ID
    control.o(i.Control_DutyCycle_Handler) refers to timers.o(i.PWM_Set_Value) for PWM_Set_Value
    control.o(i.Control_DutyCycle_Handler) refers to control.o(.data) for .data
    control.o(i.Control_HBLED) refers to fflti.o(.text) for __aeabi_i2f
    control.o(i.Control_HBLED) refers to fmul.o(x$fpl$fmul) for __aeabi_fmul
    control.o(i.Control_HBLED) refers to faddsub.o(x$fpl$fadd) for __aeabi_fadd
    control.o(i.Control_HBLED) refers to frlef.o(x$fpl$frleqf) for __aeabi_cfrcmple
    control.o(i.Control_HBLED) refers to faddsub.o(x$fpl$fsub) for __aeabi_fsub
    control.o(i.Control_HBLED) refers to ffixi.o(.text) for __aeabi_f2iz
    control.o(i.Control_HBLED) refers to fx.o(i.Multiply_FX) for Multiply_FX
    control.o(i.Control_HBLED) refers to fx.o(i.Add_FX) for Add_FX
    control.o(i.Control_HBLED) refers to fx.o(i.Subtract_FX) for Subtract_FX
    control.o(i.Control_HBLED) refers to timers.o(i.PWM_Set_Value) for PWM_Set_Value
    control.o(i.Control_HBLED) refers to control.o(.data) for .data
    control.o(i.Control_HBLED) refers to control.o(.bss) for .bss
    control.o(i.Control_HBLED) refers to main.o(.data) for control_mode
    control.o(i.Init_Buck_HBLED) refers to control.o(i.Init_ADC_HBLED) for Init_ADC_HBLED
    control.o(i.Init_Buck_HBLED) refers to timers.o(i.PWM_Init) for PWM_Init
    control.o(i.Init_Buck_HBLED) refers to control.o(.data) for .data
    control.o(i.Set_DAC_mA) refers to fflti.o(.text) for __aeabi_ui2f
    control.o(i.Set_DAC_mA) refers to fmul.o(x$fpl$fmul) for __aeabi_fmul
    control.o(i.Set_DAC_mA) refers to ffixui.o(.text) for __aeabi_f2uiz
    control.o(i.UpdatePID) refers to fmul.o(x$fpl$fmul) for __aeabi_fmul
    control.o(i.UpdatePID) refers to faddsub.o(x$fpl$fadd) for __aeabi_fadd
    control.o(i.UpdatePID) refers to frlef.o(x$fpl$frleqf) for __aeabi_cfrcmple
    control.o(i.UpdatePID) refers to faddsub.o(x$fpl$fsub) for __aeabi_fsub
    control.o(i.UpdatePID_FX) refers to fx.o(i.Multiply_FX) for Multiply_FX
    control.o(i.UpdatePID_FX) refers to fx.o(i.Add_FX) for Add_FX
    control.o(i.UpdatePID_FX) refers to fx.o(i.Subtract_FX) for Subtract_FX
    control.o(i.Update_Set_Current) refers to fflti.o(.text) for __aeabi_ui2f
    control.o(i.Update_Set_Current) refers to fmul.o(x$fpl$fmul) for __aeabi_fmul
    control.o(i.Update_Set_Current) refers to ffixui.o(.text) for __aeabi_f2uiz
    control.o(i.Update_Set_Current) refers to control.o(.data) for .data
    dma.o(i.Configure_DMA_For_Playback) refers to dma.o(.data) for .data
    dma.o(i.DMA0_IRQHandler) refers to rtx_thread.o(.text.osThreadFlagsSet) for osThreadFlagsSet
    dma.o(i.DMA0_IRQHandler) refers to leds.o(i.Control_RGB_LEDs) for Control_RGB_LEDs
    dma.o(i.DMA0_IRQHandler) refers to timers.o(i.TPM0_Start) for TPM0_Start
    dma.o(i.DMA0_IRQHandler) refers to dma.o(.data) for .data
    dma.o(i.DMA0_IRQHandler) refers to threads.o(.data) for t_Refill_Sound_Buffer
    dma.o(i.Start_DMA_Playback) refers to timers.o(i.TPM0_Start) for TPM0_Start
    dma.o(i.Start_DMA_Playback) refers to dma.o(.data) for .data
    fx.o(i.Multiply_FX) refers to llmul.o(.text) for __aeabi_lmul
    main.o(i.main) refers to debug.o(i.Init_Debug_Signals) for Init_Debug_Signals
    main.o(i.main) refers to leds.o(i.Init_RGB_LEDs) for Init_RGB_LEDs
    main.o(i.main) refers to leds.o(i.Control_RGB_LEDs) for Control_RGB_LEDs
    main.o(i.main) refers to sound.o(i.Sound_Disable_Amp) for Sound_Disable_Amp
    main.o(i.main) refers to st7789.o(i.LCD_Init) for LCD_Init
    main.o(i.main) refers to lcd_text.o(i.LCD_Text_Init) for LCD_Text_Init
    main.o(i.main) refers to lcd_text.o(i.LCD_Erase) for LCD_Erase
    main.o(i.main) refers to lcd_text.o(i.LCD_Text_PrintStr_RC) for LCD_Text_PrintStr_RC
    main.o(i.main) refers to delay.o(i.Delay) for Delay
    main.o(i.main) refers to control.o(i.Init_Buck_HBLED) for Init_Buck_HBLED
    main.o(i.main) refers to rtx_kernel.o(.text.osKernelInitialize) for osKernelInitialize
    main.o(i.main) refers to threads.o(i.Create_OS_Objects) for Create_OS_Objects
    main.o(i.main) refers to rtx_kernel.o(.text.osKernelStart) for osKernelStart
    sound.o(i.Init_Voices) refers to sound.o(.bss) for .bss
    sound.o(i.Init_Waveform) refers to sound.o(.bss) for .bss
[...]
    i.Control_RGB_LEDs                       0x00002788   Section        0  leds.o(i.Control_RGB_LEDs)
    i.Create_OS_Objects                      0x000027c4   Section        0  threads.o(i.Create_OS_Objects)
    i.DMA0_IRQHandler                        0x00002830   Section        0  dma.o(i.DMA0_IRQHandler)
    i.Delay                                  0x000028b4   Section        0  delay.o(i.Delay)
    i.Init_ADC_HBLED                         0x000028cc   Section        0  control.o(i.Init_ADC_HBLED)
    i.Init_Buck_HBLED                        0x00002930   Section        0  control.o(i.Init_Buck_HBLED)
    i.Init_Debug_Signals                     0x000029b8   Section        0  debug.o(i.Init_Debug_Signals)
    i.Init_RGB_LEDs                          0x00002a70   Section        0  leds.o(i.Init_RGB_LEDs)
    i.LCD_24S_Write_Command                  0x00002ad8   Section        0  st7789.o(i.LCD_24S_Write_Command)
    LCD_24S_Write_Command                    0x00002ad9   Thumb Code    36  st7789.o(i.LCD_24S_Write_Command)
    i.LCD_24S_Write_Data                     0x00002b00   Section        0  st7789.o(i.LCD_24S_Write_Data)
    LCD_24S_Write_Data                       0x00002b01   Thumb Code    36  st7789.o(i.LCD_24S_Write_Data)
    i.LCD_Draw_Line                          0x00002b28   Section        0  lcd_graphics.o(i.LCD_Draw_Line)
    i.LCD_Erase                              0x00002d5c   Section        0  lcd_text.o(i.LCD_Erase)
    i.LCD_Fill_Buffer                        0x00002d6c   Section        0  st7789.o(i.LCD_Fill_Buffer)
    i.LCD_Fill_Rectangle                     0x00002dee   Section        0  st7789.o(i.LCD_Fill_Rectangle)
    i.LCD_GPIO_Init                          0x00002eb8   Section        0  st7789.o(i.LCD_GPIO_Init)
    i.LCD_Init                               0x00002ff4   Section        0  st7789.o(i.LCD_Init)
    i.LCD_Plot_Pixel                         0x000030c0   Section        0  st7789.o(i.LCD_Plot_Pixel)
    i.LCD_Start_Rectangle                    0x00003132   Section        0  st7789.o(i.LCD_Start_Rectangle)
    i.LCD_TS_Init                            0x000031c8   Section        0  touchscreen.o(i.LCD_TS_Init)
    i.LCD_TS_Read                            0x000031e8   Section        0  touchscreen.o(i.LCD_TS_Read)
    i.LCD_Text_Init                          0x000033f0   Section        0  lcd_text.o(i.LCD_Text_Init)
    i.LCD_Text_PrintChar                     0x0000342c   Section        0  lcd_text.o(i.LCD_Text_PrintChar)
    i.LCD_Text_PrintStr_RC                   0x000035d4   Section        0  lcd_text.o(i.LCD_Text_PrintStr_RC)
    i.LCD_Text_Set_Colors                    0x0000362c   Section        0  lcd_text.o(i.LCD_Text_Set_Colors)
    i.LCD_Write_Rectangle_Pixel              0x00003654   Section        0  st7789.o(i.LCD_Write_Rectangle_Pixel)
    i.Multiply_FX                            0x00003686   Section        0  fx.o(i.Multiply_FX)
    i.PIT_IRQHandler                         0x0000369c   Section        0  timers.o(i.PIT_IRQHandler)
    i.PWM_Init                               0x00003744   Section        0  timers.o(i.PWM_Init)
    i.PWM_Set_Value                          0x000037d0   Section        0  timers.o(i.PWM_Set_Value)
    i.Sound_Disable_Amp                      0x000037d8   Section        0  sound.o(i.Sound_Disable_Amp)
    i.Subtract_FX                            0x000037e8   Section        0  fx.o(i.Subtract_FX)
    i.SystemInit                             0x000037ec   Section        0  system_mkl25z4.o(i.SystemInit)
    i.TPM0_IRQHandler                        0x000038d4   Section        0  timers.o(i.TPM0_IRQHandler)
    i.TPM0_Start                             0x00003910   Section        0  timers.o(i.TPM0_Start)
    i.Thread_Buck_Update_Setpoint            0x00003920   Section        0  threads.o(i.Thread_Buck_Update_Setpoint)
    i.Thread_Read_TS                         0x0000392c   Section        0  threads.o(i.Thread_Read_TS)
    i.Thread_Update_Screen                   0x00003954   Section        0  threads.o(i.Thread_Update_Screen)
    i.UI_Draw_Screen                         0x00003978   Section        0  ui.o(i.UI_Draw_Screen)
    i.UI_Identify_Field                      0x00003b88   Section        0  ui.o(i.UI_Identify_Field)
    i.UI_Process_Touch                       0x00003c24   Section        0  ui.o(i.UI_Process_Touch)
    i.UI_Update_Field_Values                 0x00003cdc   Section        0  ui.o(i.UI_Update_Field_Values)
    i.Update_Set_Current                     0x00003d2c   Section        0  control.o(i.Update_Set_Current)
    i._is_digit                              0x00003da4   Section        0  __printf_wp.o(i._is_digit)
    i._mutex_acquire                         0x00003db4   Section        0  rtx_lib.o(i._mutex_acquire)
    __tagsym$$used                           0x00003db5   Number         0  rtx_lib.o(i._mutex_acquire)
    i._mutex_free                            0x00003de4   Section        0  rtx_lib.o(i._mutex_free)
    __tagsym$$used                           0x00003de5   Number         0  rtx_lib.o(i._mutex_free)
    i._mutex_initialize                      0x00003dee   Section        0  rtx_lib.o(i._mutex_initialize)
    __tagsym$$used                           0x00003def   Number         0  rtx_lib.o(i._mutex_initialize)
    i._mutex_release                         0x00003e10   Section        0  rtx_lib.o(i._mutex_release)
    __tagsym$$used                           0x00003e11   Number         0  rtx_lib.o(i._mutex_release)
    i._platform_post_stackheap_init          0x00003e3c   Section        0  rtx_lib.o(i._platform_post_stackheap_init)
    i.main                                   0x00003e44   Section        0  main.o(i.main)
    i.osRtxErrorNotify                       0x00003ea4   Section        0  rtx_config.o(i.osRtxErrorNotify)
    i.osRtxIdleThread                        0x00003ea8   Section        0  rtx_config.o(i.osRtxIdleThread)
    x$fpl$fadd                               0x00003eb8   Section      140  faddsub.o(x$fpl$fadd)
    _fadd1                                   0x00003ec5   Thumb Code     0  faddsub.o(x$fpl$fadd)
    x$fpl$fmul                               0x00003f44   Section      176  fmul.o(x$fpl$fmul)
    x$fpl$frleqf                             0x00003ff4   Section       88  frlef.o(x$fpl$frleqf)
    x$fpl$fsub                               0x0000404c   Section      208  faddsub.o(x$fpl$fsub)
    _fsub1                                   0x00004059   Thumb Code     0  faddsub.o(x$fpl$fsub)
    .constdata                               0x0000411c   Section      124  threads.o(.constdata)
    x$fpl$usenofp                            0x0000411c   Section        0  usenofp.o(x$fpl$usenofp)
    .constdata                               0x00004198   Section     3831  lucida_12x19.o(.constdata)
    .constdata                               0x0000508f   Section      142  st7789.o(.constdata)
    .constdata                               0x00005120   Section       32  region.o(.constdata)
    .constdata                               0x00005140   Section        4  region.o(.constdata)
    .constdata                               0x00005144   Section       36  rtx_lib.o(.constdata)
    os_idle_thread_attr                      0x00005144   Data          36  rtx_lib.o(.constdata)
    .constdata                               0x00005168   Section       36  rtx_lib.o(.constdata)
    os_timer_thread_attr                     0x00005168   Data          36  rtx_lib.o(.constdata)
    .constdata                               0x0000518c   Section       24  rtx_lib.o(.constdata)
    os_timer_mq_attr                         0x0000518c   Data          24  rtx_lib.o(.constdata)
    .constdata                               0x000051a4   Section        4  rtx_lib.o(.constdata)
    .conststring                             0x000051a8   Section       10  threads.o(.conststring)
    .rodata                                  0x000051b4   Section      160  rtx_lib.o(.rodata)
    __tagsym$$used                           0x000051b4   Number         0  rtx_lib.o(.rodata)
    __tagsym$$used                           0x0000521c   Number         0  rtx_lib.o(.rodata)
    [Anonymous Symbol]                       0x00005254   Section        0  rtx_kernel.o(.rodata.str1.4)
    .L.str                                   0x00005254   Data          11  rtx_kernel.o(.rodata.str1.4)
    .bss.os                                  0x1ffff000   Section     4096  rtx_lib.o(.bss.os)
    os_mem                                   0x1ffff000   Data        4096  rtx_lib.o(.bss.os)
    .bss.os                                  0x20000000   Section       64  rtx_lib.o(.bss.os)
    os_isr_queue                             0x20000000   Data          64  rtx_lib.o(.bss.os)
    .bss.os.msgqueue.cb                      0x20000040   Section       52  rtx_lib.o(.bss.os.msgqueue.cb)
    os_timer_mq_cb                           0x20000040   Data          52  rtx_lib.o(.bss.os.msgqueue.cb)
    .bss.os.msgqueue.mem                     0x20000074   Section       80  rtx_lib.o(.bss.os.msgqueue.mem)
    os_timer_mq_data                         0x20000074   Data          80  rtx_lib.o(.bss.os.msgqueue.mem)
    .bss.os.thread.cb                        0x200000c4   Section       68  rtx_lib.o(.bss.os.thread.cb)
    os_idle_thread_cb                        0x200000c4   Data          68  rtx_lib.o(.bss.os.thread.cb)
    .bss.os.thread.cb                        0x20000108   Section       68  rtx_lib.o(.bss.os.thread.cb)
    os_timer_thread_cb                       0x20000108   Data          68  rtx_lib.o(.bss.os.thread.cb)
    .bss.os.thread.stack                     0x20000150   Section      256  rtx_lib.o(.bss.os.thread.stack)
    os_idle_thread_stack                     0x20000150   Data         256  rtx_lib.o(.bss.os.thread.stack)
    .bss.os.thread.stack                     0x20000250   Section      256  rtx_lib.o(.bss.os.thread.stack)
    os_timer_thread_stack                    0x20000250   Data         256  rtx_lib.o(.bss.os.thread.stack)
    .data                                    0x20000350   Section      132  control.o(.data)
    i                                        0x20000352   Data           2  control.o(.data)
    j                                        0x20000354   Data           2  control.o(.data)
    result                                   0x2000037c   Data           4  control.o(.data)
    PRIORITY                                 0x20000380   Data           4  control.o(.data)
    delay                                    0x20000384   Data           4  control.o(.data)
    req_msg_in_ADC_IRQ                       0x2000038c   Data           8  control.o(.data)
    res_msg                                  0x20000394   Data           8  control.o(.data)
    .data                                    0x200003d4   Section       20  dma.o(.data)
    .data                                    0x200003e8   Section        1  main.o(.data)
    .data                                    0x200003ec   Section       24  threads.o(.data)
    .data                                    0x20000404   Section        4  threads.o(.data)
    .data                                    0x20000408   Section        8  timers.o(.data)
    control_divider                          0x2000040c   Data           4  timers.o(.data)
    .data                                    0x20000410   Section      892  ui.o(.data)
    initialized                              0x20000414   Data           4  ui.o(.data)
    a                                        0x20000418   Data           8  ui.o(.data)
    b                                        0x20000420   Data           8  ui.o(.data)
    c                                        0x20000428   Data           8  ui.o(.data)
    d                                        0x20000430   Data           8  ui.o(.data)
    pi1_M                                    0x20000438   Data           8  ui.o(.data)
    pi2_M                                    0x20000440   Data           8  ui.o(.data)
    pi1_S                                    0x20000448   Data           8  ui.o(.data)
    pi2_S                                    0x20000450   Data           8  ui.o(.data)
    r1                                       0x20000458   Data           8  ui.o(.data)
    r2                                       0x20000460   Data           8  ui.o(.data)
    .data                                    0x2000078c   Section       20  lcd_text.o(.data)
    .data                                    0x200007a0   Section       56  touchscreen.o(.data)
    result_TS                                0x200007b4   Data           4  touchscreen.o(.data)
    req_msg                                  0x200007b8   Data           8  touchscreen.o(.data)
    res_msg_in_LCD_TS                        0x200007c0   Data           8  touchscreen.o(.data)
    .data                                    0x200007d8   Section        3  colors.o(.data)
    .data                                    0x200007db   Section        3  colors.o(.data)
    .data                                    0x200007de   Section        3  colors.o(.data)
    .data                                    0x200007e1   Section        3  colors.o(.data)
    .data                                    0x200007e4   Section        3  colors.o(.data)
    .data                                    0x200007e7   Section        3  colors.o(.data)
    .data                                    0x200007ea   Section        3  colors.o(.data)
    .data                                    0x200007ed   Section        3  colors.o(.data)
    .data                                    0x200007f0   Section        3  colors.o(.data)
    .data                                    0x200007f4   Section        4  profile.o(.data)
    .data                                    0x200007f8   Section        4  profile.o(.data)
    .data                                    0x200007fc   Section        4  profile.o(.data)
    .data                                    0x20000800   Section        1  profile.o(.data)
    .data                                    0x20000804   Section        4  region.o(.data)
    .data                                    0x20000808   Section        1  rtx_lib.o(.data)
    os_kernel_active                         0x20000808   Data           1  rtx_lib.o(.data)
    .data                                    0x2000080c   Section        4  system_mkl25z4.o(.data)
    .bss                                     0x200008b4   Section     2000  control.o(.bss)
    .bss                                     0x20001084   Section       96  libspace.o(.bss)
    [Anonymous Symbol]                       0x200010e4   Section        0  os_systick.o(.bss.PendST)
    PendST                                   0x200010e4   Data           1  os_systick.o(.bss.PendST)
    HEAP                                     0x200010e8   Section        0  startup_mkl25z4.o(HEAP)
    STACK                                    0x200010e8   Section      768  startup_mkl25z4.o(STACK)
    Heap_Mem                                 0x200010e8   Data           0  startup_mkl25z4.o(HEAP)
    Stack_Mem                                0x200010e8   Data         768  startup_mkl25z4.o(STACK)
    __initial_sp                             0x200013e8   Data           0  startup_mkl25z4.o(STACK)

    Global Symbols

    Symbol Name                              Value     Ov Type        Size  Object(Section)

    BuildAttributes$$THM_ISAv3M$S$PE$A:L22$X:L11$S22$IEEE1$IW$~IW$USESV6$~STKCKD$USESV7$~SHL$OTIME$ROPI$IEEEX$EBA8$UX$STANDARDLIB$REQ8$PRES8$EABIv2 0x00000000   Number         0  anon$$obj.o ABSOLUTE
    __ARM_use_no_argv                        0x00000000   Number         0  main.o ABSOLUTE
    __Vectors                                0x00000000   Data           4  startup_mkl25z4.o(RESET)
    _printf_flags                            0x00000000   Number         0  printf_stubs.o ABSOLUTE
    _printf_return_value                     0x00000000   Number         0  printf_stubs.o ABSOLUTE
    _printf_sizespec                         0x00000000   Number         0  printf_stubs.o ABSOLUTE
    _printf_widthprec                        0x00000000   Number         0  printf_stubs.o ABSOLUTE
    .bss.os.evflags.cb$$Base                  - Undefined Weak Reference
    .bss.os.evflags.cb$$Limit                 - Undefined Weak Reference
    .bss.os.mempool.cb$$Base                  - Undefined Weak Reference
    .bss.os.mempool.cb$$Limit                 - Undefined Weak Reference
    .bss.os.mutex.cb$$Base                    - Undefined Weak Reference
    .bss.os.mutex.cb$$Limit                   - Undefined Weak Reference
    .bss.os.semaphore.cb$$Base                - Undefined Weak Reference
    .bss.os.semaphore.cb$$Limit               - Undefined Weak Reference
    .bss.os.timer.cb$$Base                    - Undefined Weak Reference
    .bss.os.timer.cb$$Limit                   - Undefined Weak Reference
    __ARM_exceptions_init                     - Undefined Weak Reference
    __alloca_initialize                       - Undefined Weak Reference
    __arm_preinit_                            - Undefined Weak Reference
    __cpp_initialize__aeabi_                  - Undefined Weak Reference
    __cxa_finalize                            - Undefined Weak Reference
    __rt_locale                               - Undefined Weak Reference
    __sigvec_lookup                           - Undefined Weak Reference
    _atexit_init                              - Undefined Weak Reference
    _call_atexit_fns                          - Undefined Weak Reference
    _clock_init                               - Undefined Weak Reference
    _fp_trap_init                             - Undefined Weak Reference
    _fp_trap_shutdown                         - Undefined Weak Reference
    _get_lc_collate                           - Undefined Weak Reference
    _get_lc_ctype                             - Undefined Weak Reference
    _get_lc_monetary                          - Undefined Weak Reference
    _get_lc_numeric                           - Undefined Weak Reference
    _get_lc_time                              - Undefined Weak Reference
    _getenv_init                              - Undefined Weak Reference
    _handle_redirection                       - Undefined Weak Reference
    _init_alloc                               - Undefined Weak Reference
    _init_user_alloc                          - Undefined Weak Reference
    _initio                                   - Undefined Weak Reference
    _printf_mbtowc                            - Undefined Weak Reference
    _printf_truncate_signed                   - Undefined Weak Reference
    _printf_truncate_unsigned                 - Undefined Weak Reference
    _rand_init                                - Undefined Weak Reference
    _signal_finish                            - Undefined Weak Reference
    _signal_init                              - Undefined Weak Reference
    _terminate_alloc                          - Undefined Weak Reference
    _terminate_user_alloc                     - Undefined Weak Reference
    _terminateio                              - Undefined Weak Reference
    __Vectors_End                            0x000000c0   Data           0  startup_mkl25z4.o(RESET)
    __Vectors_Size                           0x000000c0   Number         0  startup_mkl25z4.o ABSOLUTE
    __main                                   0x000000c1   Thumb Code     8  __main.o(!!!main)
    __scatterload                            0x000000c9   Thumb Code     0  __scatter.o(!!!scatter)
    __scatterload_rt2                        0x000000c9   Thumb Code    52  __scatter.o(!!!scatter)
    __scatterload_rt2_thumb_only             0x000000c9   Thumb Code     0  __scatter.o(!!!scatter)
    __scatterload_null                       0x000000d9   Thumb Code     0  __scatter.o(!!!scatter)
    __scatterload_zeroinit                   0x00000105   Thumb Code    28  __scatter_zi.o(!!handler_zi)
    _printf_percent                          0x00000121   Thumb Code     0  _printf_percent.o(.ARM.Collect$$_printf_percent$$00000000)
    _printf_d                                0x00000123   Thumb Code     0  _printf_d.o(.ARM.Collect$$_printf_percent$$00000009)
    _printf_s                                0x0000012d   Thumb Code     0  _printf_s.o(.ARM.Collect$$_printf_percent$$00000014)
    _printf_percent_end                      0x00000137   Thumb Code     0  _printf_percent_end.o(.ARM.Collect$$_printf_percent$$00000017)
    __rt_lib_init                            0x0000013b   Thumb Code     0  libinit.o(.ARM.Collect$$libinit$$00000000)
    __rt_lib_init_alloca_1                   0x0000013d   Thumb Code     0  libinit2.o(.ARM.Collect$$libinit$$0000002E)
    __rt_lib_init_argv_1                     0x0000013d   Thumb Code     0  libinit2.o(.ARM.Collect$$libinit$$0000002C)
    __rt_lib_init_atexit_1                   0x0000013d   Thumb Code     0  libinit2.o(.ARM.Collect$$libinit$$0000001B)
    __rt_lib_init_clock_1                    0x0000013d   Thumb Code     0  libinit2.o(.ARM.Collect$$libinit$$00000021)
    __rt_lib_init_cpp_1                      0x0000013d   Thumb Code     0  libinit2.o(.ARM.Collect$$libinit$$00000032)
    __rt_lib_init_exceptions_1               0x0000013d   Thumb Code     0  libinit2.o(.ARM.Collect$$libinit$$00000030)
    __rt_lib_init_fp_1                       0x0000013d   Thumb Code     0  libinit2.o(.ARM.Collect$$libinit$$00000002)
    __rt_lib_init_fp_trap_1                  0x0000013d   Thumb Code     0  libinit2.o(.ARM.Collect$$libinit$$0000001F)
    __rt_lib_init_getenv_1                   0x0000013d   Thumb Code     0  libinit2.o(.ARM.Collect$$libinit$$00000023)
    __rt_lib_init_heap_1                     0x0000013d   Thumb Code     0  libinit2.o(.ARM.Collect$$libinit$$0000000A)
    __rt_lib_init_lc_collate_1               0x0000013d   Thumb Code     0  libinit2.o(.ARM.Collect$$libinit$$00000011)
    __rt_lib_init_lc_ctype_1                 0x0000013d   Thumb Code     0  libinit2.o(.ARM.Collect$$libinit$$00000013)
    __rt_lib_init_lc_monetary_1              0x0000013d   Thumb Code     0  libinit2.o(.ARM.Collect$$libinit$$00000015)
    __rt_lib_init_lc_numeric_1               0x0000013d   Thumb Code     0  libinit2.o(.ARM.Collect$$libinit$$00000017)
    __rt_lib_init_lc_time_1                  0x0000013d   Thumb Code     0  libinit2.o(.ARM.Collect$$libinit$$00000019)
    __rt_lib_init_preinit_1                  0x0000013d   Thumb Code     0  libinit2.o(.ARM.Collect$$libinit$$00000004)
    __rt_lib_init_rand_1                     0x0000013d   Thumb Code     0  libinit2.o(.ARM.Collect$$libinit$$0000000E)
    __rt_lib_init_return                     0x0000013d   Thumb Code     0  libinit2.o(.ARM.Collect$$libinit$$00000033)
    __rt_lib_init_signal_1                   0x0000013d   Thumb Code     0  libinit2.o(.ARM.Collect$$libinit$$0000001D)
    __rt_lib_init_stdio_1                    0x0000013d   Thumb Code     0  libinit2.o(.ARM.Collect$$libinit$$00000025)
    __rt_lib_init_user_alloc_1               0x0000013d   Thumb Code     0  libinit2.o(.ARM.Collect$$libinit$$0000000C)
    __rt_lib_shutdown                        0x0000013f   Thumb Code     0  libshutdown.o(.ARM.Collect$$libshutdown$$00000000)
    __rt_lib_shutdown_cpp_1                  0x00000141   Thumb Code     0  libshutdown2.o(.ARM.Collect$$libshutdown$$00000002)
    __rt_lib_shutdown_fp_trap_1              0x00000141   Thumb Code     0  libshutdown2.o(.ARM.Collect$$libshutdown$$00000007)
    __rt_lib_shutdown_heap_1                 0x00000141   Thumb Code     0  libshutdown2.o(.ARM.Collect$$libshutdown$$0000000F)
    __rt_lib_shutdown_return                 0x00000141   Thumb Code     0  libshutdown2.o(.ARM.Collect$$libshutdown$$00000010)
    __rt_lib_shutdown_signal_1               0x00000141   Thumb Code     0  libshutdown2.o(.ARM.Collect$$libshutdown$$0000000A)
    __rt_lib_shutdown_stdio_1                0x00000141   Thumb Code     0  libshutdown2.o(.ARM.Collect$$libshutdown$$00000004)
    __rt_lib_shutdown_user_alloc_1           0x00000141   Thumb Code     0  libshutdown2.o(.ARM.Collect$$libshutdown$$0000000C)
    __rt_entry                               0x00000143   Thumb Code     0  __rtentry.o(.ARM.Collect$$rtentry$$00000000)
    __rt_entry_presh_1                       0x00000143   Thumb Code     0  __rtentry2.o(.ARM.Collect$$rtentry$$00000002)
    __rt_entry_sh                            0x00000143   Thumb Code     0  __rtentry4.o(.ARM.Collect$$rtentry$$00000004)
    __rt_entry_postsh_1                      0x00000149   Thumb Code     0  __rtentry2.o(.ARM.Collect$$rtentry$$00000008)
    __rt_entry_li                            0x00000151   Thumb Code     0  __rtentry2.o(.ARM.Collect$$rtentry$$0000000A)
    __rt_entry_main                          0x00000155   Thumb Code     0  __rtentry2.o(.ARM.Collect$$rtentry$$0000000D)
    __rt_entry_postli_1                      0x00000155   Thumb Code     0  __rtentry2.o(.ARM.Collect$$rtentry$$0000000C)
    __rt_exit                                0x0000015d   Thumb Code     0  rtexit.o(.ARM.Collect$$rtexit$$00000000)
    __rt_exit_ls                             0x0000015f   Thumb Code     0  rtexit2.o(.ARM.Collect$$rtexit$$00000003)
    __rt_exit_prels_1                        0x0000015f   Thumb Code     0  rtexit2.o(.ARM.Collect$$rtexit$$00000002)
    __rt_exit_exit                           0x00000163   Thumb Code     0  rtexit2.o(.ARM.Collect$$rtexit$$00000004)
    __aeabi_memcpy4                          0x00000169   Thumb Code    56  rt_memcpy.o(.emb_text)
    __aeabi_memcpy8                          0x00000169   Thumb Code     0  rt_memcpy.o(.emb_text)
    Reset_Handler                            0x000001a1   Thumb Code    12  startup_mkl25z4.o(.text)
    NMI_Handler                              0x000001ad   Thumb Code     2  startup_mkl25z4.o(.text)
    HardFault_Handler                        0x000001af   Thumb Code     2  startup_mkl25z4.o(.text)
    CMP0_IRQHandler                          0x000001b7   Thumb Code     0  startup_mkl25z4.o(.text)
    DAC0_IRQHandler                          0x000001b7   Thumb Code     0  startup_mkl25z4.o(.text)
    DMA1_IRQHandler                          0x000001b7   Thumb Code     0  startup_mkl25z4.o(.text)
    DMA2_IRQHandler                          0x000001b7   Thumb Code     0  startup_mkl25z4.o(.text)
    DMA3_IRQHandler                          0x000001b7   Thumb Code     0  startup_mkl25z4.o(.text)
    DefaultISR                               0x000001b7   Thumb Code     0  startup_mkl25z4.o(.text)
    FTFA_IRQHandler                          0x000001b7   Thumb Code     0  startup_mkl25z4.o(.text)
    I2C0_IRQHandler                          0x000001b7   Thumb Code     0  startup_mkl25z4.o(.text)
    I2C1_IRQHandler                          0x000001b7   Thumb Code     0  startup_mkl25z4.o(.text)
    LLWU_IRQHandler                          0x000001b7   Thumb Code     0  startup_mkl25z4.o(.text)
    LPTMR0_IRQHandler                        0x000001b7   Thumb Code     0  startup_mkl25z4.o(.text)
    LVD_LVW_IRQHandler                       0x000001b7   Thumb Code     0  startup_mkl25z4.o(.text)
    MCG_IRQHandler                           0x000001b7   Thumb Code     0  startup_mkl25z4.o(.text)
    PORTA_IRQHandler                         0x000001b7   Thumb Code     0  startup_mkl25z4.o(.text)
    PORTD_IRQHandler                         0x000001b7   Thumb Code     0  startup_mkl25z4.o(.text)
    RTC_IRQHandler                           0x000001b7   Thumb Code     0  startup_mkl25z4.o(.text)
    RTC_Seconds_IRQHandler                   0x000001b7   Thumb Code     0  startup_mkl25z4.o(.text)
    Reserved20_IRQHandler                    0x000001b7   Thumb Code     0  startup_mkl25z4.o(.text)
    Reserved39_IRQHandler                    0x000001b7   Thumb Code     0  startup_mkl25z4.o(.text)
    Reserved45_IRQHandler                    0x000001b7   Thumb Code     0  startup_mkl25z4.o(.text)
    SPI0_IRQHandler                          0x000001b7   Thumb Code     0  startup_mkl25z4.o(.text)
    SPI1_IRQHandler                          0x000001b7   Thumb Code     0  startup_mkl25z4.o(.text)
    TPM1_IRQHandler                          0x000001b7   Thumb Code     0  startup_mkl25z4.o(.text)
    TPM2_IRQHandler                          0x000001b7   Thumb Code     0  startup_mkl25z4.o(.text)
    TSI0_IRQHandler                          0x000001b7   Thumb Code     0  startup_mkl25z4.o(.text)
    UART0_IRQHandler                         0x000001b7   Thumb Code     0  startup_mkl25z4.o(.text)
    UART1_IRQHandler                         0x000001b7   Thumb Code     0  startup_mkl25z4.o(.text)
    UART2_IRQHandler                         0x000001b7   Thumb Code     0  startup_mkl25z4.o(.text)
    USB0_IRQHandler                          0x000001b7   Thumb Code     0  startup_mkl25z4.o(.text)
    __user_initial_stackheap                 0x000001bd   Thumb Code     0  startup_mkl25z4.o(.text)
    SVC_Handler                              0x000001e1   Thumb Code   132  irq_cm0.o(.text)
    PendSV_Handler                           0x00000265   Thumb Code    12  irq_cm0.o(.text)
    SysTick_Handler                          0x00000271   Thumb Code    12  irq_cm0.o(.text)
    __aeabi_lmul                             0x00000285   Thumb Code    48  llmul.o(.text)
    _ll_mul                                  0x00000285   Thumb Code     0  llmul.o(.text)
    __2snprintf                              0x000002b5   Thumb Code    50  noretval__2snprintf.o(.text)
    _printf_pre_padding                      0x000002ed   Thumb Code    44  _printf_pad.o(.text)
    _printf_post_padding                     0x00000319   Thumb Code    34  _printf_pad.o(.text)
    _printf_str                              0x0000033b   Thumb Code    82  _printf_str.o(.text)
    _printf_int_dec                          0x0000038d   Thumb Code    90  _printf_dec.o(.text)
    __use_two_region_memory                  0x000003f9   Thumb Code     2  heapauxi.o(.text)
    __rt_heap_escrow$2region                 0x000003fb   Thumb Code     2  heapauxi.o(.text)
    __rt_heap_expand$2region                 0x000003fd   Thumb Code     2  heapauxi.o(.text)
    __I$use$semihosting                      0x000003ff   Thumb Code     0  use_no_semi.o(.text)
    __use_no_semihosting_swi                 0x000003ff   Thumb Code     2  use_no_semi.o(.text)
    __printf                                 0x00000411   Thumb Code   270  __printf_wp.o(.text)
    strlen                                   0x00000521   Thumb Code    62  strlen.o(.text)
    __aeabi_memcpy                           0x00000565   Thumb Code   130  rt_memcpy.o(.text)
    __rt_memcpy                              0x00000565   Thumb Code     0  rt_memcpy.o(.text)
    _memset_w                                0x000005e7   Thumb Code    26  rt_memclr.o(.text)
    _memset                                  0x00000601   Thumb Code    30  rt_memclr.o(.text)
    __aeabi_memclr                           0x0000061f   Thumb Code     4  rt_memclr.o(.text)
    __rt_memclr                              0x0000061f   Thumb Code     0  rt_memclr.o(.text)
    __aeabi_memclr4                          0x00000623   Thumb Code     0  rt_memclr.o(.text)
    __aeabi_memclr8                          0x00000623   Thumb Code     0  rt_memclr.o(.text)
    __rt_memclr_w                            0x00000623   Thumb Code     4  rt_memclr.o(.text)
    __aeabi_uidiv                            0x00000627   Thumb Code     0  aeabi_sdivfast.o(.text)
    __aeabi_uidivmod                         0x00000627   Thumb Code    28  aeabi_sdivfast.o(.text)
    __aeabi_idiv                             0x00000643   Thumb Code     0  aeabi_sdivfast.o(.text)
    __aeabi_idivmod                          0x00000643   Thumb Code   460  aeabi_sdivfast.o(.text)
    __aeabi_f2iz                             0x0000080f   Thumb Code     0  ffixi.o(.text)
    _ffix                                    0x0000080f   Thumb Code    76  ffixi.o(.text)
    __aeabi_f2uiz                            0x0000085b   Thumb Code     0  ffixui.o(.text)
    _ffixu                                   0x0000085b   Thumb Code    48  ffixui.o(.text)
    __aeabi_i2f_normalise                    0x0000088b   Thumb Code    72  fflti.o(.text)
    __aeabi_i2f                              0x000008d3   Thumb Code    16  fflti.o(.text)
    _fflt                                    0x000008d3   Thumb Code     0  fflti.o(.text)
    __aeabi_ui2f                             0x000008e3   Thumb Code     6  fflti.o(.text)
    _ffltu                                   0x000008e3   Thumb Code     0  fflti.o(.text)
    _printf_int_common                       0x000008e9   Thumb Code   176  _printf_intcommon.o(.text)
    _printf_char_common                      0x000009a3   Thumb Code    32  _printf_char_common.o(.text)
    _sputc                                   0x000009c9   Thumb Code    10  _sputc.o(.text)
    _snputc                                  0x000009d3   Thumb Code    16  _snputc.o(.text)
    _printf_cs_common                        0x000009e3   Thumb Code    22  _printf_char.o(.text)
    _printf_char                             0x000009f9   Thumb Code    16  _printf_char.o(.text)
    _printf_string                           0x00000a09   Thumb Code     8  _printf_char.o(.text)
    __rt_udiv10                              0x00000a11   Thumb Code    40  rtudiv10.o(.text)
    __fpl_fcmp_InfNaN                        0x00000a39   Thumb Code    96  fcmpin.o(.text)
    __fpl_cmpreturn                          0x00000a9d   Thumb Code    46  cmpret.o(.text)
    __fpl_fcheck_NaN2                        0x00000acd   Thumb Code    10  fnan2.o(.text)
    __user_libspace                          0x00000add   Thumb Code     8  libspace.o(.text)
    __user_perproc_libspace                  0x00000add   Thumb Code     0  libspace.o(.text)
    __user_setup_stackheap                   0x00000ae5   Thumb Code    62  sys_stackheap_outer.o(.text)
    exit                                     0x00000b23   Thumb Code    16  exit.o(.text)
    __fpl_return_NaN                         0x00000b33   Thumb Code    94  retnan.o(.text)
    _sys_exit                                0x00000b91   Thumb Code     8  sys_exit.o(.text)
    __decompress                             0x00000b9d   Thumb Code     0  __dczerorl2.o(.text)
    __decompress1                            0x00000b9d   Thumb Code    86  __dczerorl2.o(.text)
    __semihosting_library_function           0x00000b9d   Thumb Code     0  indicate_semi.o(.text)
    OS_Tick_AcknowledgeIRQ                   0x00000cc1   Thumb Code    12  os_systick.o(.text.OS_Tick_AcknowledgeIRQ)
    OS_Tick_Enable                           0x00000ccd   Thumb Code    44  os_systick.o(.text.OS_Tick_Enable)
    OS_Tick_GetIRQn                          0x00000cf9   Thumb Code     6  os_systick.o(.text.OS_Tick_GetIRQn)
    OS_Tick_Setup                            0x00000d01   Thumb Code    76  os_systick.o(.text.OS_Tick_Setup)
    osDelay                                  0x00000de9   Thumb Code    40  rtx_delay.o(.text.osDelay)
    osKernelGetState                         0x00000e11   Thumb Code    48  rtx_kernel.o(.text.osKernelGetState)
    osKernelInitialize                       0x00000e41   Thumb Code    40  rtx_kernel.o(.text.osKernelInitialize)
    osKernelStart                            0x00000e69   Thumb Code    36  rtx_kernel.o(.text.osKernelStart)
    osMessageQueueGet                        0x00000e8d   Thumb Code   116  rtx_msgqueue.o(.text.osMessageQueueGet)
    osMessageQueueGetCount                   0x00000f01   Thumb Code    48  rtx_msgqueue.o(.text.osMessageQueueGetCount)
    osMessageQueueNew                        0x00000f31   Thumb Code    36  rtx_msgqueue.o(.text.osMessageQueueNew)
    osMessageQueuePut                        0x00000f55   Thumb Code   120  rtx_msgqueue.o(.text.osMessageQueuePut)
    osMutexAcquire                           0x00000fcd   Thumb Code    40  rtx_mutex.o(.text.osMutexAcquire)
    osMutexDelete                            0x00000ff5   Thumb Code    40  rtx_mutex.o(.text.osMutexDelete)
    osMutexNew                               0x0000101d   Thumb Code    36  rtx_mutex.o(.text.osMutexNew)
    osMutexRelease                           0x00001041   Thumb Code    40  rtx_mutex.o(.text.osMutexRelease)
    osRtxKernelPreInit                       0x00001069   Thumb Code     2  rtx_kernel.o(.text.osRtxKernelPreInit)
    osRtxMemoryAlloc                         0x0000106b   Thumb Code   124  rtx_memory.o(.text.osRtxMemoryAlloc)
    osRtxMemoryFree                          0x000010e7   Thumb Code    78  rtx_memory.o(.text.osRtxMemoryFree)
    osRtxMemoryInit                          0x00001135   Thumb Code    50  rtx_memory.o(.text.osRtxMemoryInit)
    osRtxMemoryPoolAlloc                     0x00001167   Thumb Code    46  rtx_mempool.o(.text.osRtxMemoryPoolAlloc)
    osRtxMemoryPoolFree                      0x00001195   Thumb Code    58  rtx_mempool.o(.text.osRtxMemoryPoolFree)
    osRtxMemoryPoolInit                      0x000011cf   Thumb Code    62  rtx_mempool.o(.text.osRtxMemoryPoolInit)
    osRtxMutexOwnerRelease                   0x000012c9   Thumb Code    68  rtx_mutex.o(.text.osRtxMutexOwnerRelease)
    osRtxPendSV_Handler                      0x0000130d   Thumb Code   128  rtx_system.o(.text.osRtxPendSV_Handler)
    osRtxPostProcess                         0x0000138d   Thumb Code   108  rtx_system.o(.text.osRtxPostProcess)
    osRtxThreadDelayTick                     0x000014f5   Thumb Code    56  rtx_thread.o(.text.osRtxThreadDelayTick)
    osRtxThreadDispatch                      0x0000152d   Thumb Code    80  rtx_thread.o(.text.osRtxThreadDispatch)
    osRtxThreadListGet                       0x000015d1   Thumb Code    20  rtx_thread.o(.text.osRtxThreadListGet)
    osRtxThreadListPut                       0x000015e5   Thumb Code    44  rtx_thread.o(.text.osRtxThreadListPut)
    osRtxThreadListRemove                    0x00001611   Thumb Code    24  rtx_thread.o(.text.osRtxThreadListRemove)
    osRtxThreadListSort                      0x00001629   Thumb Code    38  rtx_thread.o(.text.osRtxThreadListSort)
    osRtxThreadReadyPut                      0x00001675   Thumb Code    24  rtx_thread.o(.text.osRtxThreadReadyPut)
    osRtxThreadRegPtr                        0x0000168d   Thumb Code     6  rtx_thread.o(.text.osRtxThreadRegPtr)
    osRtxThreadStackCheck                    0x00001695   Thumb Code    44  rtx_thread.o(.text.osRtxThreadStackCheck)
    osRtxThreadStartup                       0x000016c1   Thumb Code    64  rtx_thread.o(.text.osRtxThreadStartup)
    osRtxThreadSwitch                        0x00001701   Thumb Code    20  rtx_thread.o(.text.osRtxThreadSwitch)
    osRtxThreadWaitEnter                     0x00001715   Thumb Code    60  rtx_thread.o(.text.osRtxThreadWaitEnter)
    osRtxThreadWaitExit                      0x00001751   Thumb Code    34  rtx_thread.o(.text.osRtxThreadWaitExit)
    osRtxTick_Handler                        0x00001775   Thumb Code   116  rtx_system.o(.text.osRtxTick_Handler)
    osRtxTimerThread                         0x000017e9   Thumb Code    60  rtx_timer.o(.text.osRtxTimerThread)
    osThreadExit                             0x00001885   Thumb Code    12  rtx_thread.o(.text.osThreadExit)
    osThreadFlagsSet                         0x00001891   Thumb Code    88  rtx_thread.o(.text.osThreadFlagsSet)
    osThreadNew                              0x000018e9   Thumb Code    36  rtx_thread.o(.text.osThreadNew)
    ADC0_IRQHandler                          0x000023dd   Thumb Code   190  control.o(i.ADC0_IRQHandler)
    Add_FX                                   0x000024bd   Thumb Code     4  fx.o(i.Add_FX)
    Control_DutyCycle_Handler                0x000024c1   Thumb Code    60  control.o(i.Control_DutyCycle_Handler)
    Control_HBLED                            0x00002505   Thumb Code   492  control.o(i.Control_HBLED)
    Control_IntNonNegative_Handler           0x00002719   Thumb Code    28  control.o(i.Control_IntNonNegative_Handler)
    Control_Mode                             0x00002735   Thumb Code    62  control.o(i.Control_Mode)
    Control_OnOff_Handler                    0x00002773   Thumb Code    20  control.o(i.Control_OnOff_Handler)
    Control_RGB_LEDs                         0x00002789   Thumb Code    52  leds.o(i.Control_RGB_LEDs)
    Create_OS_Objects                        0x000027c5   Thumb Code    74  threads.o(i.Create_OS_Objects)
    DMA0_IRQHandler                          0x00002831   Thumb Code   102  dma.o(i.DMA0_IRQHandler)
    Delay                                    0x000028b5   Thumb Code    20  delay.o(i.Delay)
    Init_ADC_HBLED                           0x000028cd   Thumb Code    78  control.o(i.Init_ADC_HBLED)
    Init_Buck_HBLED                          0x00002931   Thumb Code   110  control.o(i.Init_Buck_HBLED)
    Init_Debug_Signals                       0x000029b9   Thumb Code   158  debug.o(i.Init_Debug_Signals)
    Init_RGB_LEDs                            0x00002a71   Thumb Code    82  leds.o(i.Init_RGB_LEDs)
    LCD_Draw_Line                            0x00002b29   Thumb Code   564  lcd_graphics.o(i.LCD_Draw_Line)
    LCD_Erase                                0x00002d5d   Thumb Code    10  lcd_text.o(i.LCD_Erase)
    LCD_Fill_Buffer                          0x00002d6d   Thumb Code   130  st7789.o(i.LCD_Fill_Buffer)
    LCD_Fill_Rectangle                       0x00002def   Thumb Code   202  st7789.o(i.LCD_Fill_Rectangle)
    LCD_GPIO_Init                            0x00002eb9   Thumb Code   294  st7789.o(i.LCD_GPIO_Init)
    LCD_Init                                 0x00002ff5   Thumb Code   178  st7789.o(i.LCD_Init)
    LCD_Plot_Pixel                           0x000030c1   Thumb Code   114  st7789.o(i.LCD_Plot_Pixel)
    LCD_Start_Rectangle                      0x00003133   Thumb Code   150  st7789.o(i.LCD_Start_Rectangle)
    LCD_TS_Init                              0x000031c9   Thumb Code    24  touchscreen.o(i.LCD_TS_Init)
    LCD_TS_Read                              0x000031e9   Thumb Code   482  touchscreen.o(i.LCD_TS_Read)
    LCD_Text_Init                            0x000033f1   Thumb Code    42  lcd_text.o(i.LCD_Text_Init)
    LCD_Text_PrintChar                       0x0000342d   Thumb Code   412  lcd_text.o(i.LCD_Text_PrintChar)
    LCD_Text_PrintStr_RC                     0x000035d5   Thumb Code    82  lcd_text.o(i.LCD_Text_PrintStr_RC)
    LCD_Text_Set_Colors                      0x0000362d   Thumb Code    30  lcd_text.o(i.LCD_Text_Set_Colors)
    LCD_Write_Rectangle_Pixel                0x00003655   Thumb Code    50  st7789.o(i.LCD_Write_Rectangle_Pixel)
    Multiply_FX                              0x00003687   Thumb Code    22  fx.o(i.Multiply_FX)
    PIT_IRQHandler                           0x0000369d   Thumb Code   130  timers.o(i.PIT_IRQHandler)
    PWM_Init                                 0x00003745   Thumb Code   122  timers.o(i.PWM_Init)
    PWM_Set_Value                            0x000037d1   Thumb Code     8  timers.o(i.PWM_Set_Value)
    Sound_Disable_Amp                        0x000037d9   Thumb Code    10  sound.o(i.Sound_Disable_Amp)
    Subtract_FX                              0x000037e9   Thumb Code     4  fx.o(i.Subtract_FX)
    SystemInit                               0x000037ed   Thumb Code   184  system_mkl25z4.o(i.SystemInit)
    TPM0_IRQHandler                          0x000038d5   Thumb Code    44  timers.o(i.TPM0_IRQHandler)
    TPM0_Start                               0x00003911   Thumb Code    12  timers.o(i.TPM0_Start)
    Thread_Buck_Update_Setpoint              0x00003921   Thumb Code    12  threads.o(i.Thread_Buck_Update_Setpoint)
    Thread_Read_TS                           0x0000392d   Thumb Code    34  threads.o(i.Thread_Read_TS)
    Thread_Update_Screen                     0x00003955   Thumb Code    30  threads.o(i.Thread_Update_Screen)
    UI_Draw_Screen                           0x00003979   Thumb Code   438  ui.o(i.UI_Draw_Screen)
    UI_Identify_Field                        0x00003b89   Thumb Code   138  ui.o(i.UI_Identify_Field)
    UI_Process_Touch                         0x00003c25   Thumb Code   170  ui.o(i.UI_Process_Touch)
    UI_Update_Field_Values                   0x00003cdd   Thumb Code    66  ui.o(i.UI_Update_Field_Values)
    Update_Set_Current                       0x00003d2d   Thumb Code   106  control.o(i.Update_Set_Current)
    _is_digit                                0x00003da5   Thumb Code    14  __printf_wp.o(i._is_digit)
    _mutex_acquire                           0x00003db5   Thumb Code    44  rtx_lib.o(i._mutex_acquire)
    _mutex_free                              0x00003de5   Thumb Code    10  rtx_lib.o(i._mutex_free)
    _mutex_initialize                        0x00003def   Thumb Code    34  rtx_lib.o(i._mutex_initialize)
    _mutex_release                           0x00003e11   Thumb Code    40  rtx_lib.o(i._mutex_release)
    _platform_post_stackheap_init            0x00003e3d   Thumb Code     8  rtx_lib.o(i._platform_post_stackheap_init)
    main                                     0x00003e45   Thumb Code    82  main.o(i.main)
    osRtxErrorNotify                         0x00003ea5   Thumb Code     2  rtx_config.o(i.osRtxErrorNotify)
    osRtxIdleThread                          0x00003ea9   Thumb Code    10  rtx_config.o(i.osRtxIdleThread)
    __aeabi_fadd                             0x00003eb9   Thumb Code     0  faddsub.o(x$fpl$fadd)
    _fadd                                    0x00003eb9   Thumb Code   134  faddsub.o(x$fpl$fadd)
    __aeabi_fmul                             0x00003f45   Thumb Code     0  fmul.o(x$fpl$fmul)
    _fmul                                    0x00003f45   Thumb Code   172  fmul.o(x$fpl$fmul)
    __aeabi_cfrcmple                         0x00003ff5   Thumb Code     0  frlef.o(x$fpl$frleqf)
    _frcmple                                 0x00003ff5   Thumb Code    84  frlef.o(x$fpl$frleqf)
    __aeabi_fsub                             0x0000404d   Thumb Code     0  faddsub.o(x$fpl$fsub)
    _fsub                                    0x0000404d   Thumb Code   204  faddsub.o(x$fpl$fsub)
    Read_TS_attr                             0x0000411c   Data          36  threads.o(.constdata)
    __I$use$fp                               0x0000411c   Number         0  usenofp.o(x$fpl$usenofp)
    Update_Screen_attr                       0x00004140   Data          36  threads.o(.constdata)
    BUS_attr                                 0x00004164   Data          36  threads.o(.constdata)
    LCD_mutex_attr                           0x00004188   Data          16  threads.o(.constdata)
    Lucida_Console12x19                      0x00004198   Data        3831  lucida_12x19.o(.constdata)
    Init_Seq_ST7789                          0x0000508f   Data         142  st7789.o(.constdata)
    RegionTable                              0x00005120   Data          32  region.o(.constdata)
    NumProfileRegions                        0x00005140   Data           4  region.o(.constdata)
    osRtxUserSVC                             0x000051a4   Data           4  rtx_lib.o(.constdata)
    osRtxConfig                              0x000051b4   Data         104  rtx_lib.o(.rodata)
    os_cb_sections                           0x0000521c   Data          56  rtx_lib.o(.rodata)
    Region$$Table$$Base                      0x00005260   Number         0  anon$$obj.o(Region$$Table)
    Region$$Table$$Limit                     0x00005280   Number         0  anon$$obj.o(Region$$Table)
    .bss.os.msgqueue.cb$$Base                0x20000040   Number         0  rtx_lib.o(.bss.os.msgqueue.cb)
    .bss.os.msgqueue.cb$$Limit               0x20000074   Number         0  rtx_lib.o(.bss.os.msgqueue.cb)
    .bss.os.thread.cb$$Base                  0x200000c4   Number         0  rtx_lib.o(.bss.os.thread.cb)
    .bss.os.thread.cb$$Limit                 0x2000014c   Number         0  rtx_lib.o(.bss.os.thread.cb)
    g_duty_cycle                             0x20000350   Data           2  control.o(.data)
    g_enable_flash                           0x20000358   Data           4  control.o(.data)
    g_peak_set_current                       0x2000035c   Data           4  control.o(.data)
    g_flash_duration                         0x20000360   Data           4  control.o(.data)
    g_flash_period                           0x20000364   Data           4  control.o(.data)
    g_enable_control                         0x20000368   Data           4  control.o(.data)
    g_set_current                            0x2000036c   Data           4  control.o(.data)
    sample                                   0x20000370   Data           4  control.o(.data)
    draw                                     0x20000374   Data           4  control.o(.data)
    pGain_8                                  0x20000378   Data           4  control.o(.data)
    g_measured_current                       0x20000388   Data           4  control.o(.data)
    plantPID                                 0x2000039c   Data          28  control.o(.data)
    plantPID_FX                              0x200003b8   Data          28  control.o(.data)
    read_buffer_num                          0x200003d4   Data           1  dma.o(.data)
    Reload_DMA_Byte_Count                    0x200003d8   Data           4  dma.o(.data)
    DMA_Playback_Count                       0x200003dc   Data           4  dma.o(.data)
    Reload_DMA_Source                        0x200003e0   Data           8  dma.o(.data)
    control_mode                             0x200003e8   Data           1  main.o(.data)
    ADC_REQ_ID                               0x200003ec   Data           4  threads.o(.data)
    ADC_RES_ID                               0x200003f0   Data           4  threads.o(.data)
    t_Read_TS                                0x200003f4   Data           4  threads.o(.data)
    t_US                                     0x200003f8   Data           4  threads.o(.data)
    t_BUS                                    0x200003fc   Data           4  threads.o(.data)
    LCD_mutex                                0x20000400   Data           4  threads.o(.data)
    t_Refill_Sound_Buffer                    0x20000404   Data           4  threads.o(.data)
    PC_val                                   0x20000408   Data           4  timers.o(.data)
    UI_sel_field                             0x20000410   Data           4  ui.o(.data)
    Fields                                   0x20000468   Data         756  ui.o(.data)
    Slider                                   0x2000075c   Data          48  ui.o(.data)
    G_LCD_char_width                         0x2000078c   Data           1  lcd_text.o(.data)
    G_LCD_char_height                        0x2000078d   Data           1  lcd_text.o(.data)
    fg                                       0x2000078e   Data           3  lcd_text.o(.data)
    bg                                       0x20000791   Data           3  lcd_text.o(.data)
    font                                     0x20000794   Data           4  lcd_text.o(.data)
    font_header                              0x20000798   Data           4  lcd_text.o(.data)
    glyph_index                              0x2000079c   Data           4  lcd_text.o(.data)
    LCD_TS_Calibrated                        0x200007a0   Data           1  touchscreen.o(.data)
    LCD_TS_X_Scale                           0x200007a4   Data           4  touchscreen.o(.data)
    LCD_TS_X_Offset                          0x200007a8   Data           4  touchscreen.o(.data)
    LCD_TS_Y_Scale                           0x200007ac   Data           4  touchscreen.o(.data)
    LCD_TS_Y_Offset                          0x200007b0   Data           4  touchscreen.o(.data)
    TS_Min                                   0x200007c8   Data           8  touchscreen.o(.data)
    TS_Max                                   0x200007d0   Data           8  touchscreen.o(.data)
    black                                    0x200007d8   Data           3  colors.o(.data)
    white                                    0x200007db   Data           3  colors.o(.data)
    red                                      0x200007de   Data           3  colors.o(.data)
    green                                    0x200007e1   Data           3  colors.o(.data)
    yellow                                   0x200007e4   Data           3  colors.o(.data)
    cyan                                     0x200007e7   Data           3  colors.o(.data)
    magenta                                  0x200007ea   Data           3  colors.o(.data)
    light_gray                               0x200007ed   Data           3  colors.o(.data)
    dark_gray                                0x200007f0   Data           3  colors.o(.data)
    adx_lost                                 0x200007f4   Data           4  profile.o(.data)
    num_lost                                 0x200007f8   Data           4  profile.o(.data)
    profile_samples                          0x200007fc   Data           4  profile.o(.data)
    profiling_enabled                        0x20000800   Data           1  profile.o(.data)
    RegionCount                              0x20000804   Data           4  region.o(.data)
    SystemCoreClock                          0x2000080c   Data           4  system_mkl25z4.o(.data)
    osRtxInfo                                0x20000810   Data         164  rtx_kernel.o(.data.os)
    arrM                                     0x200008b4   Data        1000  control.o(.bss)
    arrS                                     0x20000c9c   Data        1000  control.o(.bss)
    __libspace_start                         0x20001084   Data          96  libspace.o(.bss)
    __temporary_stack_top$libspace           0x200010e4   Data           0  libspace.o(.bss)



==============================================================================

Memory Map of the image

  Image Entry point : 0x000001a1

  Load Region LR_1 (Base: 0x00000000, Size: 0x00006b34, Max: 0xffffffff, ABSOLUTE, COMPRESSED[0x000053f4])

    Execution Region ER_RO (Exec base: 0x00000000, Load base: 0x00000000, Size: 0x00005280, Max: 0xffffffff, ABSOLUTE)

    Exec Addr    Load Addr    Size         Type   Attr      Idx    E Section Name        Object

    0x00000000   0x00000000   0x000000c0   Data   RO         1210    RESET               startup_mkl25z4.o
    0x000000c0   0x000000c0   0x00000008   Code   RO         1767  * !!!main             c_p.l(__main.o)
    0x000000c8   0x000000c8   0x0000003c   Code   RO         2027    !!!scatter          c_p.l(__scatter.o)
    0x00000104   0x00000104   0x0000001c   Code   RO         2029    !!handler_zi        c_p.l(__scatter_zi.o)
    0x00000120   0x00000120   0x00000002   Code   RO         1752    .ARM.Collect$$_printf_percent$$00000000  c_p.l(_printf_percent.o)
    0x00000122   0x00000122   0x0000000a   Code   RO         1751    .ARM.Collect$$_printf_percent$$00000009  c_p.l(_printf_d.o)
    0x0000012c   0x0000012c   0x0000000a   Code   RO         1750    .ARM.Collect$$_printf_percent$$00000014  c_p.l(_printf_s.o)
    0x00000136   0x00000136   0x00000004   Code   RO         1819    .ARM.Collect$$_printf_percent$$00000017  c_p.l(_printf_percent_end.o)
    0x0000013a   0x0000013a   0x00000002   Code   RO         1895    .ARM.Collect$$libinit$$00000000  c_p.l(libinit.o)
    0x0000013c   0x0000013c   0x00000000   Code   RO         1908    .ARM.Collect$$libinit$$00000002  c_p.l(libinit2.o)
    0x0000013c   0x0000013c   0x00000000   Code   RO         1910    .ARM.Collect$$libinit$$00000004  c_p.l(libinit2.o)
    0x0000013c   0x0000013c   0x00000000   Code   RO         1913    .ARM.Collect$$libinit$$0000000A  c_p.l(libinit2.o)
    0x0000013c   0x0000013c   0x00000000   Code   RO         1915    .ARM.Collect$$libinit$$0000000C  c_p.l(libinit2.o)
    0x0000013c   0x0000013c   0x00000000   Code   RO         1917    .ARM.Collect$$libinit$$0000000E  c_p.l(libinit2.o)
    0x0000013c   0x0000013c   0x00000000   Code   RO         1920    .ARM.Collect$$libinit$$00000011  c_p.l(libinit2.o)
    0x0000013c   0x0000013c   0x00000000   Code   RO         1922    .ARM.Collect$$libinit$$00000013  c_p.l(libinit2.o)
    0x0000013c   0x0000013c   0x00000000   Code   RO         1924    .ARM.Collect$$libinit$$00000015  c_p.l(libinit2.o)
    0x0000013c   0x0000013c   0x00000000   Code   RO         1926    .ARM.Collect$$libinit$$00000017  c_p.l(libinit2.o)
    0x0000013c   0x0000013c   0x00000000   Code   RO         1928    .ARM.Collect$$libinit$$00000019  c_p.l(libinit2.o)
    0x0000013c   0x0000013c   0x00000000   Code   RO         1930    .ARM.Collect$$libinit$$0000001B  c_p.l(libinit2.o)
    0x0000013c   0x0000013c   0x00000000   Code   RO         1932    .ARM.Collect$$libinit$$0000001D  c_p.l(libinit2.o)
    0x0000013c   0x0000013c   0x00000000   Code   RO         1934    .ARM.Collect$$libinit$$0000001F  c_p.l(libinit2.o)
    0x0000013c   0x0000013c   0x00000000   Code   RO         1936    .ARM.Collect$$libinit$$00000021  c_p.l(libinit2.o)
    0x0000013c   0x0000013c   0x00000000   Code   RO         1938    .ARM.Collect$$libinit$$00000023  c_p.l(libinit2.o)
    0x0000013c   0x0000013c   0x00000000   Code   RO         1940    .ARM.Collect$$libinit$$00000025  c_p.l(libinit2.o)
    0x0000013c   0x0000013c   0x00000000   Code   RO         1944    .ARM.Collect$$libinit$$0000002C  c_p.l(libinit2.o)
    0x0000013c   0x0000013c   0x00000000   Code   RO         1946    .ARM.Collect$$libinit$$0000002E  c_p.l(libinit2.o)
    0x0000013c   0x0000013c   0x00000000   Code   RO         1948    .ARM.Collect$$libinit$$00000030  c_p.l(libinit2.o)
    0x0000013c   0x0000013c   0x00000000   Code   RO         1950    .ARM.Collect$$libinit$$00000032  c_p.l(libinit2.o)
    0x0000013c   0x0000013c   0x00000002   Code   RO         1951    .ARM.Collect$$libinit$$00000033  c_p.l(libinit2.o)
    0x0000013e   0x0000013e   0x00000002   Code   RO         1982    .ARM.Collect$$libshutdown$$00000000  c_p.l(libshutdown.o)
    0x00000140   0x00000140   0x00000000   Code   RO         2008    .ARM.Collect$$libshutdown$$00000002  c_p.l(libshutdown2.o)
    0x00000140   0x00000140   0x00000000   Code   RO         2010    .ARM.Collect$$libshutdown$$00000004  c_p.l(libshutdown2.o)
    0x00000140   0x00000140   0x00000000   Code   RO         2013    .ARM.Collect$$libshutdown$$00000007  c_p.l(libshutdown2.o)
    0x00000140   0x00000140   0x00000000   Code   RO         2016    .ARM.Collect$$libshutdown$$0000000A  c_p.l(libshutdown2.o)
    0x00000140   0x00000140   0x00000000   Code   RO         2018    .ARM.Collect$$libshutdown$$0000000C  c_p.l(libshutdown2.o)
    0x00000140   0x00000140   0x00000000   Code   RO         2021    .ARM.Collect$$libshutdown$$0000000F  c_p.l(libshutdown2.o)
    0x00000140   0x00000140   0x00000002   Code   RO         2022    .ARM.Collect$$libshutdown$$00000010  c_p.l(libshutdown2.o)
    0x00000142   0x00000142   0x00000000   Code   RO         1802    .ARM.Collect$$rtentry$$00000000  c_p.l(__rtentry.o)
    0x00000142   0x00000142   0x00000000   Code   RO         1849    .ARM.Collect$$rtentry$$00000002  c_p.l(__rtentry2.o)
    0x00000142   0x00000142   0x00000006   Code   RO         1861    .ARM.Collect$$rtentry$$00000004  c_p.l(__rtentry4.o)
    0x00000148   0x00000148   0x00000008   Code   RO         1850    .ARM.Collect$$rtentry$$00000008  c_p.l(__rtentry2.o)
    0x00000150   0x00000150   0x00000004   Code   RO         1852    .ARM.Collect$$rtentry$$0000000A  c_p.l(__rtentry2.o)
    0x00000154   0x00000154   0x00000000   Code   RO         1854    .ARM.Collect$$rtentry$$0000000C  c_p.l(__rtentry2.o)
    0x00000154   0x00000154   0x00000008   Code   RO         1855    .ARM.Collect$$rtentry$$0000000D  c_p.l(__rtentry2.o)
    0x0000015c   0x0000015c   0x00000002   Code   RO         1899    .ARM.Collect$$rtexit$$00000000  c_p.l(rtexit.o)
    0x0000015e   0x0000015e   0x00000000   Code   RO         1955    .ARM.Collect$$rtexit$$00000002  c_p.l(rtexit2.o)
    0x0000015e   0x0000015e   0x00000004   Code   RO         1956    .ARM.Collect$$rtexit$$00000003  c_p.l(rtexit2.o)
    0x00000162   0x00000162   0x00000006   Code   RO         1957    .ARM.Collect$$rtexit$$00000004  c_p.l(rtexit2.o)
    0x00000168   0x00000168   0x00000038   Code   RO         1755    .emb_text           c_p.l(rt_memcpy.o)
    0x000001a0   0x000001a0   0x00000040   Code   RO         1212  * .text               startup_mkl25z4.o
    0x000001e0   0x000001e0   0x000000a4   Code   RO         1558    .text               RTX_CM0.lib(irq_cm0.o)
    0x00000284   0x00000284   0x00000030   Code   RO         1716    .text               c_p.l(llmul.o)
    0x000002b4   0x000002b4   0x00000038   Code   RO         1720    .text               c_p.l(noretval__2snprintf.o)
    0x000002ec   0x000002ec   0x0000004e   Code   RO         1724    .text               c_p.l(_printf_pad.o)
    0x0000033a   0x0000033a   0x00000052   Code   RO         1726    .text               c_p.l(_printf_str.o)
    0x0000038c   0x0000038c   0x0000006c   Code   RO         1728    .text               c_p.l(_printf_dec.o)
    0x000003f8   0x000003f8   0x00000006   Code   RO         1765    .text               c_p.l(heapauxi.o)
    0x000003fe   0x000003fe   0x00000002   Code   RO         1971    .text               c_p.l(use_no_semi.o)
    0x00000400   0x00000400   0x00000010   Code   RO         1211    .ARM.__at_0x400     startup_mkl25z4.o
    0x00000410   0x00000410   0x0000010e   Code   RO         1738    .text               c_p.l(__printf_wp.o)
    0x0000051e   0x0000051e   0x00000002   PAD
    0x00000520   0x00000520   0x00000044   Code   RO         1753    .text               c_p.l(strlen.o)
    0x00000564   0x00000564   0x00000082   Code   RO         1756    .text               c_p.l(rt_memcpy.o)
    0x000005e6   0x000005e6   0x00000040   Code   RO         1759    .text               c_p.l(rt_memclr.o)
    0x00000626   0x00000626   0x000001e8   Code   RO         1761    .text               c_p.l(aeabi_sdivfast.o)
    0x0000080e   0x0000080e   0x0000004c   Code   RO         1784    .text               fz_ps.l(ffixi.o)
    0x0000085a   0x0000085a   0x00000030   Code   RO         1786    .text               fz_ps.l(ffixui.o)
    0x0000088a   0x0000088a   0x0000005e   Code   RO         1788    .text               fz_ps.l(fflti.o)
    0x000008e8   0x000008e8   0x000000b0   Code   RO         1809    .text               c_p.l(_printf_intcommon.o)
    0x00000998   0x00000998   0x00000030   Code   RO         1811    .text               c_p.l(_printf_char_common.o)
    0x000009c8   0x000009c8   0x0000000a   Code   RO         1813    .text               c_p.l(_sputc.o)
    0x000009d2   0x000009d2   0x00000010   Code   RO         1815    .text               c_p.l(_snputc.o)
    0x000009e2   0x000009e2   0x0000002e   Code   RO         1817    .text               c_p.l(_printf_char.o)
    0x00000a10   0x00000a10   0x00000028   Code   RO         1820    .text               c_p.l(rtudiv10.o)
    0x00000a38   0x00000a38   0x00000064   Code   RO         1822    .text               fz_ps.l(fcmpin.o)
    0x00000a9c   0x00000a9c   0x0000002e   Code   RO         1874    .text               fz_ps.l(cmpret.o)
    0x00000aca   0x00000aca   0x00000002   PAD
    0x00000acc   0x00000acc   0x00000010   Code   RO         1876    .text               fz_ps.l(fnan2.o)
    0x00000adc   0x00000adc   0x00000008   Code   RO         1880    .text               c_p.l(libspace.o)
    0x00000ae4   0x00000ae4   0x0000003e   Code   RO         1883    .text               c_p.l(sys_stackheap_outer.o)
    0x00000b22   0x00000b22   0x00000010   Code   RO         1886    .text               c_p.l(exit.o)
    0x00000b32   0x00000b32   0x0000005e   Code   RO         1896    .text               fz_ps.l(retnan.o)
    0x00000b90   0x00000b90   0x0000000c   Code   RO         1952    .text               c_p.l(sys_exit.o)
    0x00000b9c   0x00000b9c   0x00000000   Code   RO         1973    .text               c_p.l(indicate_semi.o)
    0x00000b9c   0x00000b9c   0x00000056   Code   RO         2025    .text               c_p.l(__dczerorl2.o)
    0x00000bf2   0x00000bf2   0x0000004c   Code   RO         1541    .text.MessageQueueGet  RTX_CM0.lib(rtx_msgqueue.o)
    0x00000c3e   0x00000c3e   0x00000062   Code   RO         1535    .text.MessageQueuePut  RTX_CM0.lib(rtx_msgqueue.o)
    0x00000ca0   0x00000ca0   0x0000001e   Code   RO         1533    .text.MessageQueueRemove  RTX_CM0.lib(rtx_msgqueue.o)
    0x00000cbe   0x00000cbe   0x00000002   PAD
    0x00000cc0   0x00000cc0   0x0000000c   Code   RO         1693    .text.OS_Tick_AcknowledgeIRQ  RTX_CM0.lib(os_systick.o)
    0x00000ccc   0x00000ccc   0x0000002c   Code   RO         1689    .text.OS_Tick_Enable  RTX_CM0.lib(os_systick.o)
    0x00000cf8   0x00000cf8   0x00000006   Code   RO         1695    .text.OS_Tick_GetIRQn  RTX_CM0.lib(os_systick.o)
    0x00000cfe   0x00000cfe   0x00000002   PAD
    0x00000d00   0x00000d00   0x0000004c   Code   RO         1687    .text.OS_Tick_Setup  RTX_CM0.lib(os_systick.o)
    0x00000d4c   0x00000d4c   0x0000004e   Code   RO         1396    .text.ThreadFlagsCheck  RTX_CM0.lib(rtx_thread.o)
    0x00000d9a   0x00000d9a   0x00000002   PAD
    0x00000d9c   0x00000d9c   0x0000004c   Code   RO         1579    .text.TimerInsert   RTX_CM0.lib(rtx_timer.o)
    0x00000de8   0x00000de8   0x00000028   Code   RO         1449    .text.osDelay       RTX_CM0.lib(rtx_delay.o)
    0x00000e10   0x00000e10   0x00000030   Code   RO         1259    .text.osKernelGetState  RTX_CM0.lib(rtx_kernel.o)
    0x00000e40   0x00000e40   0x00000028   Code   RO         1253    .text.osKernelInitialize  RTX_CM0.lib(rtx_kernel.o)
    0x00000e68   0x00000e68   0x00000024   Code   RO         1263    .text.osKernelStart  RTX_CM0.lib(rtx_kernel.o)
    0x00000e8c   0x00000e8c   0x00000074   Code   RO         1507    .text.osMessageQueueGet  RTX_CM0.lib(rtx_msgqueue.o)
    0x00000f00   0x00000f00   0x00000030   Code   RO         1517    .text.osMessageQueueGetCount  RTX_CM0.lib(rtx_msgqueue.o)
    0x00000f30   0x00000f30   0x00000024   Code   RO         1501    .text.osMessageQueueNew  RTX_CM0.lib(rtx_msgqueue.o)
    0x00000f54   0x00000f54   0x00000078   Code   RO         1505    .text.osMessageQueuePut  RTX_CM0.lib(rtx_msgqueue.o)
    0x00000fcc   0x00000fcc   0x00000028   Code   RO         1472    .text.osMutexAcquire  RTX_CM0.lib(rtx_mutex.o)
    0x00000ff4   0x00000ff4   0x00000028   Code   RO         1478    .text.osMutexDelete  RTX_CM0.lib(rtx_mutex.o)
    0x0000101c   0x0000101c   0x00000024   Code   RO         1468    .text.osMutexNew    RTX_CM0.lib(rtx_mutex.o)
    0x00001040   0x00001040   0x00000028   Code   RO         1474    .text.osMutexRelease  RTX_CM0.lib(rtx_mutex.o)
    0x00001068   0x00001068   0x00000002   Code   RO         1251    .text.osRtxKernelPreInit  RTX_CM0.lib(rtx_kernel.o)
    0x0000106a   0x0000106a   0x0000007c   Code   RO         1606    .text.osRtxMemoryAlloc  RTX_CM0.lib(rtx_memory.o)
    0x000010e6   0x000010e6   0x0000004e   Code   RO         1608    .text.osRtxMemoryFree  RTX_CM0.lib(rtx_memory.o)
    0x00001134   0x00001134   0x00000032   Code   RO         1604    .text.osRtxMemoryInit  RTX_CM0.lib(rtx_memory.o)
    0x00001166   0x00001166   0x0000002e   Code   RO         1621    .text.osRtxMemoryPoolAlloc  RTX_CM0.lib(rtx_mempool.o)
    0x00001194   0x00001194   0x0000003a   Code   RO         1623    .text.osRtxMemoryPoolFree  RTX_CM0.lib(rtx_mempool.o)
    0x000011ce   0x000011ce   0x0000003e   Code   RO         1619    .text.osRtxMemoryPoolInit  RTX_CM0.lib(rtx_mempool.o)
    0x0000120c   0x0000120c   0x000000bc   Code   RO         1531    .text.osRtxMessageQueuePostProcess  RTX_CM0.lib(rtx_msgqueue.o)
    0x000012c8   0x000012c8   0x00000044   Code   RO         1466    .text.osRtxMutexOwnerRelease  RTX_CM0.lib(rtx_mutex.o)
    0x0000130c   0x0000130c   0x00000080   Code   RO         1674    .text.osRtxPendSV_Handler  RTX_CM0.lib(rtx_system.o)
    0x0000138c   0x0000138c   0x0000006c   Code   RO         1676    .text.osRtxPostProcess  RTX_CM0.lib(rtx_system.o)
    0x000013f8   0x000013f8   0x00000038   Code   RO         1336    .text.osRtxThreadBlock  RTX_CM0.lib(rtx_thread.o)
    0x00001430   0x00001430   0x00000080   Code   RO         1344    .text.osRtxThreadDelayInsert  RTX_CM0.lib(rtx_thread.o)
    0x000014b0   0x000014b0   0x00000044   Code   RO         1340    .text.osRtxThreadDelayRemove  RTX_CM0.lib(rtx_thread.o)
    0x000014f4   0x000014f4   0x00000038   Code   RO         1326    .text.osRtxThreadDelayTick  RTX_CM0.lib(rtx_thread.o)
    0x0000152c   0x0000152c   0x00000050   Code   RO         1334    .text.osRtxThreadDispatch  RTX_CM0.lib(rtx_thread.o)
    0x0000157c   0x0000157c   0x00000054   Code   RO         1420    .text.osRtxThreadFree  RTX_CM0.lib(rtx_thread.o)
    0x000015d0   0x000015d0   0x00000014   Code   RO         1318    .text.osRtxThreadListGet  RTX_CM0.lib(rtx_thread.o)
    0x000015e4   0x000015e4   0x0000002c   Code   RO         1316    .text.osRtxThreadListPut  RTX_CM0.lib(rtx_thread.o)
    0x00001610   0x00001610   0x00000018   Code   RO         1322    .text.osRtxThreadListRemove  RTX_CM0.lib(rtx_thread.o)
    0x00001628   0x00001628   0x00000026   Code   RO         1320    .text.osRtxThreadListSort  RTX_CM0.lib(rtx_thread.o)
    0x0000164e   0x0000164e   0x00000026   Code   RO         1394    .text.osRtxThreadPostProcess  RTX_CM0.lib(rtx_thread.o)
    0x00001674   0x00001674   0x00000018   Code   RO         1324    .text.osRtxThreadReadyPut  RTX_CM0.lib(rtx_thread.o)
    0x0000168c   0x0000168c   0x00000006   Code   RO         1328    .text.osRtxThreadRegPtr  RTX_CM0.lib(rtx_thread.o)
    0x00001692   0x00001692   0x00000002   PAD
    0x00001694   0x00001694   0x0000002c   Code   RO         1332    .text.osRtxThreadStackCheck  RTX_CM0.lib(rtx_thread.o)
    0x000016c0   0x000016c0   0x00000040   Code   RO         1346    .text.osRtxThreadStartup  RTX_CM0.lib(rtx_thread.o)
    0x00001700   0x00001700   0x00000014   Code   RO         1330    .text.osRtxThreadSwitch  RTX_CM0.lib(rtx_thread.o)
    0x00001714   0x00001714   0x0000003c   Code   RO         1342    .text.osRtxThreadWaitEnter  RTX_CM0.lib(rtx_thread.o)
    0x00001750   0x00001750   0x00000022   Code   RO         1338    .text.osRtxThreadWaitExit  RTX_CM0.lib(rtx_thread.o)
    0x00001772   0x00001772   0x00000002   PAD
    0x00001774   0x00001774   0x00000074   Code   RO         1672    .text.osRtxTick_Handler  RTX_CM0.lib(rtx_system.o)
    0x000017e8   0x000017e8   0x0000003c   Code   RO         1563    .text.osRtxTimerThread  RTX_CM0.lib(rtx_timer.o)
    0x00001824   0x00001824   0x00000060   Code   RO         1565    .text.osRtxTimerTick  RTX_CM0.lib(rtx_timer.o)
    0x00001884   0x00001884   0x0000000c   Code   RO         1378    .text.osThreadExit  RTX_CM0.lib(rtx_thread.o)
    0x00001890   0x00001890   0x00000058   Code   RO         1386    .text.osThreadFlagsSet  RTX_CM0.lib(rtx_thread.o)
    0x000018e8   0x000018e8   0x00000024   Code   RO         1350    .text.osThreadNew   RTX_CM0.lib(rtx_thread.o)
    0x0000190c   0x0000190c   0x00000012   Code   RO         1453    .text.svcRtxDelay   RTX_CM0.lib(rtx_delay.o)
    0x0000191e   0x0000191e   0x00000002   PAD
    0x00001920   0x00001920   0x0000000c   Code   RO         1261    .text.svcRtxKernelGetState  RTX_CM0.lib(rtx_kernel.o)
    0x0000192c   0x0000192c   0x00000148   Code   RO         1291    .text.svcRtxKernelInitialize  RTX_CM0.lib(rtx_kernel.o)
    0x00001a74   0x00001a74   0x00000084   Code   RO         1293    .text.svcRtxKernelStart  RTX_CM0.lib(rtx_kernel.o)
    0x00001af8   0x00001af8   0x000000e8   Code   RO         1543    .text.svcRtxMessageQueueGet  RTX_CM0.lib(rtx_msgqueue.o)
    0x00001be0   0x00001be0   0x00000012   Code   RO         1519    .text.svcRtxMessageQueueGetCount  RTX_CM0.lib(rtx_msgqueue.o)
    0x00001bf2   0x00001bf2   0x00000002   PAD
    0x00001bf4   0x00001bf4   0x000001e4   Code   RO         1529    .text.svcRtxMessageQueueNew  RTX_CM0.lib(rtx_msgqueue.o)
    0x00001dd8   0x00001dd8   0x000000bc   Code   RO         1539    .text.svcRtxMessageQueuePut  RTX_CM0.lib(rtx_msgqueue.o)
    0x00001e94   0x00001e94   0x00000098   Code   RO         1484    .text.svcRtxMutexAcquire  RTX_CM0.lib(rtx_mutex.o)
    0x00001f2c   0x00001f2c   0x000000bc   Code   RO         1490    .text.svcRtxMutexDelete  RTX_CM0.lib(rtx_mutex.o)
    0x00001fe8   0x00001fe8   0x00000070   Code   RO         1480    .text.svcRtxMutexNew  RTX_CM0.lib(rtx_mutex.o)
    0x00002058   0x00002058   0x000000c0   Code   RO         1486    .text.svcRtxMutexRelease  RTX_CM0.lib(rtx_mutex.o)
    0x00002118   0x00002118   0x0000006c   Code   RO         1424    .text.svcRtxThreadExit  RTX_CM0.lib(rtx_thread.o)
    0x00002184   0x00002184   0x0000006c   Code   RO         1432    .text.svcRtxThreadFlagsSet  RTX_CM0.lib(rtx_thread.o)
    0x000021f0   0x000021f0   0x000001ec   Code   RO         1348    .text.svcRtxThreadNew  RTX_CM0.lib(rtx_thread.o)
    0x000023dc   0x000023dc   0x000000e0   Code   RO            3    i.ADC0_IRQHandler   control.o
    0x000024bc   0x000024bc   0x00000004   Code   RO          279    i.Add_FX            fx.o
    0x000024c0   0x000024c0   0x00000044   Code   RO            4    i.Control_DutyCycle_Handler  control.o
    0x00002504   0x00002504   0x00000214   Code   RO            5    i.Control_HBLED     control.o
    0x00002718   0x00002718   0x0000001c   Code   RO            6    i.Control_IntNonNegative_Handler  control.o
    0x00002734   0x00002734   0x0000003e   Code   RO            7    i.Control_Mode      control.o
    0x00002772   0x00002772   0x00000014   Code   RO            8    i.Control_OnOff_Handler  control.o
    0x00002786   0x00002786   0x00000002   PAD
    0x00002788   0x00002788   0x0000003c   Code   RO          311    i.Control_RGB_LEDs  leds.o
    0x000027c4   0x000027c4   0x0000006c   Code   RO          475    i.Create_OS_Objects  threads.o
    0x00002830   0x00002830   0x00000084   Code   RO          232    i.DMA0_IRQHandler   dma.o
    0x000028b4   0x000028b4   0x00000018   Code   RO          205    i.Delay             delay.o
    0x000028cc   0x000028cc   0x00000064   Code   RO            9    i.Init_ADC_HBLED    control.o
    0x00002930   0x00002930   0x00000088   Code   RO           10    i.Init_Buck_HBLED   control.o
    0x000029b8   0x000029b8   0x000000b8   Code   RO          182    i.Init_Debug_Signals  debug.o
    0x00002a70   0x00002a70   0x00000068   Code   RO          312    i.Init_RGB_LEDs     leds.o
    0x00002ad8   0x00002ad8   0x00000028   Code   RO          832    i.LCD_24S_Write_Command  st7789.o
    0x00002b00   0x00002b00   0x00000028   Code   RO          833    i.LCD_24S_Write_Data  st7789.o
    0x00002b28   0x00002b28   0x00000234   Code   RO          694    i.LCD_Draw_Line     lcd_graphics.o
    0x00002d5c   0x00002d5c   0x00000010   Code   RO          734    i.LCD_Erase         lcd_text.o
    0x00002d6c   0x00002d6c   0x00000082   Code   RO          835    i.LCD_Fill_Buffer   st7789.o
    0x00002dee   0x00002dee   0x000000ca   Code   RO          836    i.LCD_Fill_Rectangle  st7789.o
    0x00002eb8   0x00002eb8   0x0000013c   Code   RO          837    i.LCD_GPIO_Init     st7789.o
    0x00002ff4   0x00002ff4   0x000000cc   Code   RO          838    i.LCD_Init          st7789.o
    0x000030c0   0x000030c0   0x00000072   Code   RO          839    i.LCD_Plot_Pixel    st7789.o
    0x00003132   0x00003132   0x00000096   Code   RO          844    i.LCD_Start_Rectangle  st7789.o
    0x000031c8   0x000031c8   0x00000020   Code   RO          949    i.LCD_TS_Init       touchscreen.o
    0x000031e8   0x000031e8   0x00000208   Code   RO          950    i.LCD_TS_Read       touchscreen.o
    0x000033f0   0x000033f0   0x0000003c   Code   RO          736    i.LCD_Text_Init     lcd_text.o
    0x0000342c   0x0000342c   0x000001a8   Code   RO          737    i.LCD_Text_PrintChar  lcd_text.o
    0x000035d4   0x000035d4   0x00000058   Code   RO          739    i.LCD_Text_PrintStr_RC  lcd_text.o
    0x0000362c   0x0000362c   0x00000028   Code   RO          740    i.LCD_Text_Set_Colors  lcd_text.o
    0x00003654   0x00003654   0x00000032   Code   RO          845    i.LCD_Write_Rectangle_Pixel  st7789.o
    0x00003686   0x00003686   0x00000016   Code   RO          280    i.Multiply_FX       fx.o
    0x0000369c   0x0000369c   0x000000a8   Code   RO          544    i.PIT_IRQHandler    timers.o
    0x00003744   0x00003744   0x0000008c   Code   RO          548    i.PWM_Init          timers.o
    0x000037d0   0x000037d0   0x00000008   Code   RO          549    i.PWM_Set_Value     timers.o
    0x000037d8   0x000037d8   0x00000010   Code   RO          388    i.Sound_Disable_Amp  sound.o
    0x000037e8   0x000037e8   0x00000004   Code   RO          281    i.Subtract_FX       fx.o
    0x000037ec   0x000037ec   0x000000e8   Code   RO         1221    i.SystemInit        system_mkl25z4.o
    0x000038d4   0x000038d4   0x0000003c   Code   RO          550    i.TPM0_IRQHandler   timers.o
    0x00003910   0x00003910   0x00000010   Code   RO          552    i.TPM0_Start        timers.o
    0x00003920   0x00003920   0x0000000c   Code   RO          476    i.Thread_Buck_Update_Setpoint  threads.o
    0x0000392c   0x0000392c   0x00000028   Code   RO          477    i.Thread_Read_TS    threads.o
    0x00003954   0x00003954   0x00000024   Code   RO          478    i.Thread_Update_Screen  threads.o
    0x00003978   0x00003978   0x00000210   Code   RO          632    i.UI_Draw_Screen    ui.o
    0x00003b88   0x00003b88   0x0000009c   Code   RO          634    i.UI_Identify_Field  ui.o
    0x00003c24   0x00003c24   0x000000b8   Code   RO          635    i.UI_Process_Touch  ui.o
    0x00003cdc   0x00003cdc   0x00000050   Code   RO          637    i.UI_Update_Field_Values  ui.o
    0x00003d2c   0x00003d2c   0x00000078   Code   RO           16    i.Update_Set_Current  control.o
    0x00003da4   0x00003da4   0x0000000e   Code   RO         1740    i._is_digit         c_p.l(__printf_wp.o)
    0x00003db2   0x00003db2   0x00000002   PAD
    0x00003db4   0x00003db4   0x00000030   Code   RO         1099    i._mutex_acquire    rtx_lib.o
    0x00003de4   0x00003de4   0x0000000a   Code   RO         1100    i._mutex_free       rtx_lib.o
    0x00003dee   0x00003dee   0x00000022   Code   RO         1101    i._mutex_initialize  rtx_lib.o
    0x00003e10   0x00003e10   0x0000002c   Code   RO         1102    i._mutex_release    rtx_lib.o
    0x00003e3c   0x00003e3c   0x00000008   Code   RO         1103    i._platform_post_stackheap_init  rtx_lib.o
    0x00003e44   0x00003e44   0x00000060   Code   RO          337    i.main              main.o
    0x00003ea4   0x00003ea4   0x00000002   Code   RO         1180    i.osRtxErrorNotify  rtx_config.o
    0x00003ea6   0x00003ea6   0x00000002   PAD
    0x00003ea8   0x00003ea8   0x00000010   Code   RO         1181    i.osRtxIdleThread   rtx_config.o
    0x00003eb8   0x00003eb8   0x0000008c   Code   RO         1775    x$fpl$fadd          fz_ps.l(faddsub.o)
    0x00003f44   0x00003f44   0x000000b0   Code   RO         1790    x$fpl$fmul          fz_ps.l(fmul.o)
    0x00003ff4   0x00003ff4   0x00000058   Code   RO         1792    x$fpl$frleqf        fz_ps.l(frlef.o)
    0x0000404c   0x0000404c   0x000000d0   Code   RO         1777    x$fpl$fsub          fz_ps.l(faddsub.o)
    0x0000411c   0x0000411c   0x00000000   Code   RO         1826    x$fpl$usenofp       fz_ps.l(usenofp.o)
    0x0000411c   0x0000411c   0x0000007c   Data   RO          479    .constdata          threads.o
    0x00004198   0x00004198   0x00000ef7   Data   RO          812    .constdata          lucida_12x19.o
    0x0000508f   0x0000508f   0x0000008e   Data   RO          847    .constdata          st7789.o
    0x0000511d   0x0000511d   0x00000003   PAD
    0x00005120   0x00005120   0x00000020   Data   RO         1081    .constdata          region.o
    0x00005140   0x00005140   0x00000004   Data   RO         1082    .constdata          region.o
    0x00005144   0x00005144   0x00000024   Data   RO         1113    .constdata          rtx_lib.o
    0x00005168   0x00005168   0x00000024   Data   RO         1114    .constdata          rtx_lib.o
    0x0000518c   0x0000518c   0x00000018   Data   RO         1115    .constdata          rtx_lib.o
    0x000051a4   0x000051a4   0x00000004   Data   RO         1116    .constdata          rtx_lib.o
    0x000051a8   0x000051a8   0x0000000a   Data   RO          480    .conststring        threads.o
    0x000051b2   0x000051b2   0x00000002   PAD
    0x000051b4   0x000051b4   0x000000a0   Data   RO         1119    .rodata             rtx_lib.o
    0x00005254   0x00005254   0x0000000b   Data   RO         1305    .rodata.str1.4      RTX_CM0.lib(rtx_kernel.o)
    0x0000525f   0x0000525f   0x00000001   PAD
    0x00005260   0x00005260   0x00000020   Data   RO         2023    Region$$Table       anon$$obj.o


    Execution Region ER_RW (Exec base: 0x1ffff000, Load base: 0x00005280, Size: 0x000018b4, Max: 0xffffffff, ABSOLUTE, COMPRESSED[0x00000174])

    Exec Addr    Load Addr    Size         Type   Attr      Idx    E Section Name        Object

    0x1ffff000   COMPRESSED   0x00001000   Data   RW         1104    .bss.os             rtx_lib.o
    0x20000000   COMPRESSED   0x00000040   Data   RW         1105    .bss.os             rtx_lib.o
    0x20000040   COMPRESSED   0x00000034   Data   RW         1107    .bss.os.msgqueue.cb  rtx_lib.o
    0x20000074   COMPRESSED   0x00000050   Data   RW         1108    .bss.os.msgqueue.mem  rtx_lib.o
    0x200000c4   COMPRESSED   0x00000044   Data   RW         1109    .bss.os.thread.cb   rtx_lib.o
    0x20000108   COMPRESSED   0x00000044   Data   RW         1110    .bss.os.thread.cb   rtx_lib.o
    0x2000014c   COMPRESSED   0x00000004   PAD
    0x20000150   COMPRESSED   0x00000100   Data   RW         1111    .bss.os.thread.stack  rtx_lib.o
    0x20000250   COMPRESSED   0x00000100   Data   RW         1112    .bss.os.thread.stack  rtx_lib.o
    0x20000350   COMPRESSED   0x00000084   Data   RW           18    .data               control.o
    0x200003d4   COMPRESSED   0x00000014   Data   RW          235    .data               dma.o
    0x200003e8   COMPRESSED   0x00000001   Data   RW          338    .data               main.o
    0x200003e9   COMPRESSED   0x00000003   PAD
    0x200003ec   COMPRESSED   0x00000018   Data   RW          481    .data               threads.o
    0x20000404   COMPRESSED   0x00000004   Data   RW          483    .data               threads.o
    0x20000408   COMPRESSED   0x00000008   Data   RW          555    .data               timers.o
    0x20000410   COMPRESSED   0x0000037c   Data   RW          639    .data               ui.o
    0x2000078c   COMPRESSED   0x00000014   Data   RW          745    .data               lcd_text.o
    0x200007a0   COMPRESSED   0x00000038   Data   RW          951    .data               touchscreen.o
    0x200007d8   COMPRESSED   0x00000003   Data   RW          996    .data               colors.o
    0x200007db   COMPRESSED   0x00000003   Data   RW          997    .data               colors.o
    0x200007de   COMPRESSED   0x00000003   Data   RW          998    .data               colors.o
    0x200007e1   COMPRESSED   0x00000003   Data   RW          999    .data               colors.o
    0x200007e4   COMPRESSED   0x00000003   Data   RW         1001    .data               colors.o
    0x200007e7   COMPRESSED   0x00000003   Data   RW         1002    .data               colors.o
    0x200007ea   COMPRESSED   0x00000003   Data   RW         1003    .data               colors.o
    0x200007ed   COMPRESSED   0x00000003   Data   RW         1011    .data               colors.o
    0x200007f0   COMPRESSED   0x00000003   Data   RW         1012    .data               colors.o
    0x200007f3   COMPRESSED   0x00000001   PAD
    0x200007f4   COMPRESSED   0x00000004   Data   RW         1031    .data               profile.o
    0x200007f8   COMPRESSED   0x00000004   Data   RW         1032    .data               profile.o
    0x200007fc   COMPRESSED   0x00000004   Data   RW         1033    .data               profile.o
    0x20000800   COMPRESSED   0x00000001   Data   RW         1034    .data               profile.o
    0x20000801   COMPRESSED   0x00000003   PAD
    0x20000804   COMPRESSED   0x00000004   Data   RW         1083    .data               region.o
    0x20000808   COMPRESSED   0x00000001   Data   RW         1118    .data               rtx_lib.o
    0x20000809   COMPRESSED   0x00000003   PAD
    0x2000080c   COMPRESSED   0x00000004   Data   RW         1222    .data               system_mkl25z4.o
    0x20000810   COMPRESSED   0x000000a4   Data   RW         1306    .data.os            RTX_CM0.lib(rtx_kernel.o)


    Execution Region ER_ZI (Exec base: 0x200008b4, Load base: 0x000053f4, Size: 0x00000b34, Max: 0xffffffff, ABSOLUTE)

    Exec Addr    Load Addr    Size         Type   Attr      Idx    E Section Name        Object

    0x200008b4        -       0x000007d0   Zero   RW           17    .bss                control.o
    0x20001084        -       0x00000060   Zero   RW         1881    .bss                c_p.l(libspace.o)
    0x200010e4        -       0x00000001   Zero   RW         1705    .bss.PendST         RTX_CM0.lib(os_systick.o)
    0x200010e5   0x000053f4   0x00000003   PAD
    0x200010e8        -       0x00000000   Zero   RW         1209    HEAP                startup_mkl25z4.o
    0x200010e8        -       0x00000300   Zero   RW         1208    STACK               startup_mkl25z4.o


==============================================================================

Image component sizes


      Code (inc. data)   RO Data    RW Data    ZI Data      Debug   Object Name

         0          0          0         27          0       1174   colors.o
      1290        150          0        132       2000     241417   control.o
       184         26          0          0          0        549   debug.o
        24          4          0          0          0        848   delay.o
       132         30          0         20          0     213180   dma.o
        30          0          0          0          0       1557   fx.o
       564          0          0          0          0       5143   lcd_graphics.o
       628         52          0         20          0       6333   lcd_text.o
       164         30          0          0          0       1119   leds.o
         0          0       3831          0          0        626   lucida_12x19.o
        96         14          0          1          0       3606   main.o
         0          0          0         13          0        430   profile.o
         0          0         36          4          0       1138   region.o
        18          6          0          0          0        949   rtx_config.o
       144          8        260       4941          0      12302   rtx_lib.o
        16          6          0          0          0        424   sound.o
      1246         56        142          0          0       7262   st7789.o
        80         44        192          0        768        932   startup_mkl25z4.o
       232         48          0          4          0        875   system_mkl25z4.o
       196         46        134         28          0       7151   threads.o
       392         76          0          8          0       4049   timers.o
       552         46          0         56          0       4045   touchscreen.o
       948        136          0        892          0       4914   ui.o

    ----------------------------------------------------------------------
      6940        778       4632       6160       2768     520023   Object Totals
         0          0         32          0          0          0   (incl. Generated)
         4          0          5         14          0          0   (incl. Padding)

    ----------------------------------------------------------------------

      Code (inc. data)   RO Data    RW Data    ZI Data      Debug   Library Member Name

       164          8          0          0          0        496   irq_cm0.o
       138         32          0          0          1       2766   os_systick.o
        58          4          0          0          0       2753   rtx_delay.o
       598         48         11        164          0      16105   rtx_kernel.o
       252          0          0          0          0       2564   rtx_memory.o
       166          0          0          0          0      14282   rtx_mempool.o
      1634         48          0          0          0      17889   rtx_msgqueue.o
       868         32          0          0          0       9201   rtx_mutex.o
       352         26          0          0          0       4635   rtx_system.o
      1810        100          0          0          0      30867   rtx_thread.o
       232         20          0          0          0      10018   rtx_timer.o
        86          0          0          0          0          0   __dczerorl2.o
         8          0          0          0          0         68   __main.o
       284          0          0          0          0        136   __printf_wp.o
         0          0          0          0          0          0   __rtentry.o
        20          0          0          0          0          0   __rtentry2.o
         6          0          0          0          0          0   __rtentry4.o
        60          8          0          0          0          0   __scatter.o
        28          0          0          0          0          0   __scatter_zi.o
        46          0          0          0          0        100   _printf_char.o
        48          6          0          0          0         88   _printf_char_common.o
        10          0          0          0          0          0   _printf_d.o
       108         18          0          0          0         76   _printf_dec.o
       176          0          0          0          0         84   _printf_intcommon.o
        78          0          0          0          0        100   _printf_pad.o
         2          0          0          0          0          0   _printf_percent.o
         4          0          0          0          0          0   _printf_percent_end.o
        10          0          0          0          0          0   _printf_s.o
        82          0          0          0          0         72   _printf_str.o
        16          0          0          0          0         60   _snputc.o
        10          0          0          0          0         60   _sputc.o
       488          0          0          0          0         92   aeabi_sdivfast.o
        16          0          0          0          0         68   exit.o
         6          0          0          0          0        136   heapauxi.o
         0          0          0          0          0          0   indicate_semi.o
         2          0          0          0          0          0   libinit.o
         2          0          0          0          0          0   libinit2.o
         2          0          0          0          0          0   libshutdown.o
         2          0          0          0          0          0   libshutdown2.o
         8          4          0          0         96         68   libspace.o
        48          0          0          0          0         72   llmul.o
        56          6          0          0          0         84   noretval__2snprintf.o
        64          0          0          0          0        108   rt_memclr.o
       186          0          0          0          0        144   rt_memcpy.o
         2          0          0          0          0          0   rtexit.o
        10          0          0          0          0          0   rtexit2.o
        40          0          0          0          0         60   rtudiv10.o
        68          6          0          0          0         72   strlen.o
        12          4          0          0          0         60   sys_exit.o
        62          0          0          0          0         80   sys_stackheap_outer.o
         2          0          0          0          0         68   use_no_semi.o
        46          0          0          0          0         60   cmpret.o
       348          8          0          0          0        160   faddsub.o
       100          4          0          0          0         68   fcmpin.o
        76          0          0          0          0         68   ffixi.o
        48          0          0          0          0         60   ffixui.o
        94          0          0          0          0         92   fflti.o
       176          4          0          0          0         80   fmul.o
        16          6          0          0          0         68   fnan2.o
        88          4          0          0          0         76   frlef.o
        94          0          0          0          0         68   retnan.o
         0          0          0          0          0          0   usenofp.o

    ----------------------------------------------------------------------
      9536        396         12        164        100     114332   Library Totals
        20          0          1          0          3          0   (incl. Padding)

    ----------------------------------------------------------------------

      Code (inc. data)   RO Data    RW Data    ZI Data      Debug   Library Name

      6272        318         11        164          1     111576   RTX_CM0.lib
      2158         52          0          0         96       1956   c_p.l
      1086         26          0          0          0        800   fz_ps.l

    ----------------------------------------------------------------------
      9536        396         12        164        100     114332   Library Totals

    ----------------------------------------------------------------------

==============================================================================


      Code (inc. data)   RO Data    RW Data    ZI Data      Debug   

     16476       1174       4644       6324       2868     630371   Grand Totals
     16476       1174       4644        372       2868     630371   ELF Image Totals (compressed)
     16476       1174       4644        372          0          0   ROM Totals

==============================================================================

    Total RO  Size (Code + RO Data)                21120 (  20.63kB)
    Total RW  Size (RW Data + ZI Data)              9192 (   8.98kB)
    Total ROM Size (Code + RO Data + RW Data)      21492 (  20.99kB)

==============================================================================

